Component: ARM Compiler 5.06 update 6 (build 750) Tool: armlink [4d35ed]

==============================================================================

Section Cross References

    startup_stm32f407xx.o(STACK) refers (Special) to heapauxi.o(.text) for __use_two_region_memory
    startup_stm32f407xx.o(HEAP) refers (Special) to heapauxi.o(.text) for __use_two_region_memory
    startup_stm32f407xx.o(RESET) refers (Special) to heapauxi.o(.text) for __use_two_region_memory
    startup_stm32f407xx.o(RESET) refers to startup_stm32f407xx.o(STACK) for __initial_sp
    startup_stm32f407xx.o(RESET) refers to startup_stm32f407xx.o(.text) for Reset_Handler
    startup_stm32f407xx.o(RESET) refers to stm32f4xx_it.o(i.NMI_Handler) for NMI_Handler
    startup_stm32f407xx.o(RESET) refers to stm32f4xx_it.o(i.HardFault_Handler) for HardFault_Handler
    startup_stm32f407xx.o(RESET) refers to stm32f4xx_it.o(i.MemManage_Handler) for MemManage_Handler
    startup_stm32f407xx.o(RESET) refers to stm32f4xx_it.o(i.BusFault_Handler) for BusFault_Handler
    startup_stm32f407xx.o(RESET) refers to stm32f4xx_it.o(i.UsageFault_Handler) for UsageFault_Handler
    startup_stm32f407xx.o(RESET) refers to port.o(.emb_text) for SVC_Handler
    startup_stm32f407xx.o(RESET) refers to stm32f4xx_it.o(i.DebugMon_Handler) for DebugMon_Handler
    startup_stm32f407xx.o(RESET) refers to delay.o(i.SysTick_Handler) for SysTick_Handler
    startup_stm32f407xx.o(RESET) refers to atk_mo1218_uart.o(i.USART1_IRQHandler) for USART1_IRQHandler
    startup_stm32f407xx.o(RESET) refers to atk_mw8266d_uart.o(i.USART2_IRQHandler) for USART2_IRQHandler
    startup_stm32f407xx.o(RESET) refers to atk_mw1278d_uart.o(i.USART3_IRQHandler) for USART3_IRQHandler
    startup_stm32f407xx.o(RESET) refers to atk_mw1278d_uart.o(i.TIM6_DAC_IRQHandler) for TIM6_DAC_IRQHandler
    startup_stm32f407xx.o(RESET) refers to atk_mc5640_dcmi.o(i.DMA2_Stream1_IRQHandler) for DMA2_Stream1_IRQHandler
    startup_stm32f407xx.o(RESET) refers to atk_mc5640_dcmi.o(i.DCMI_IRQHandler) for DCMI_IRQHandler
    startup_stm32f407xx.o(.text) refers (Special) to heapauxi.o(.text) for __use_two_region_memory
    startup_stm32f407xx.o(.text) refers to system_stm32f4xx.o(i.SystemInit) for SystemInit
    startup_stm32f407xx.o(.text) refers to __main.o(!!!main) for __main
    startup_stm32f407xx.o(.text) refers to startup_stm32f407xx.o(HEAP) for Heap_Mem
    startup_stm32f407xx.o(.text) refers to startup_stm32f407xx.o(STACK) for Stack_Mem
    main.o(i.demo_uart_init) refers to rt_memclr_w.o(.text) for __aeabi_memclr4
    main.o(i.demo_uart_init) refers to stm32f4xx_hal_gpio.o(i.HAL_GPIO_Init) for HAL_GPIO_Init
    main.o(i.demo_uart_init) refers to stm32f4xx_hal_uart.o(i.HAL_UART_Init) for HAL_UART_Init
    main.o(i.main) refers to stm32f4xx_hal.o(i.HAL_Init) for HAL_Init
    main.o(i.main) refers to sys.o(i.sys_stm32_clock_init) for sys_stm32_clock_init
    main.o(i.main) refers to delay.o(i.delay_init) for delay_init
    main.o(i.main) refers to main.o(i.demo_uart_init) for demo_uart_init
    main.o(i.main) refers to led.o(i.led_init) for led_init
    main.o(i.main) refers to key.o(i.key_init) for key_init
    main.o(i.main) refers to main.o(i.show_mesg) for show_mesg
    main.o(i.main) refers to demo.o(i.demo_run) for demo_run
    main.o(i.show_mesg) refers to __2printf.o(.text) for __2printf
    system_stm32f4xx.o(i.SystemCoreClockUpdate) refers to system_stm32f4xx.o(.data) for SystemCoreClock
    system_stm32f4xx.o(i.SystemCoreClockUpdate) refers to system_stm32f4xx.o(.constdata) for AHBPrescTable
    demo.o(i.demo_run) refers to __2printf.o(.text) for __2printf
    demo.o(i.demo_run) refers to atk_mw1278d.o(i.atk_mw1278d_init) for atk_mw1278d_init
    demo.o(i.demo_run) refers to atk_mw1278d.o(i.atk_mw1278d_enter_config) for atk_mw1278d_enter_config
    demo.o(i.demo_run) refers to atk_mw1278d.o(i.atk_mw1278d_addr_config) for atk_mw1278d_addr_config
    demo.o(i.demo_run) refers to atk_mw1278d.o(i.atk_mw1278d_wlrate_channel_config) for atk_mw1278d_wlrate_channel_config
    demo.o(i.demo_run) refers to atk_mw1278d.o(i.atk_mw1278d_tpower_config) for atk_mw1278d_tpower_config
    demo.o(i.demo_run) refers to atk_mw1278d.o(i.atk_mw1278d_workmode_config) for atk_mw1278d_workmode_config
    demo.o(i.demo_run) refers to atk_mw1278d.o(i.atk_mw1278d_tmode_config) for atk_mw1278d_tmode_config
    demo.o(i.demo_run) refers to atk_mw1278d.o(i.atk_mw1278d_wltime_config) for atk_mw1278d_wltime_config
    demo.o(i.demo_run) refers to atk_mw1278d.o(i.atk_mw1278d_uart_config) for atk_mw1278d_uart_config
    demo.o(i.demo_run) refers to atk_mw1278d.o(i.atk_mw1278d_exit_config) for atk_mw1278d_exit_config
    demo.o(i.demo_run) refers to atk_mw8266d.o(i.atk_mw8266d_init) for atk_mw8266d_init
    demo.o(i.demo_run) refers to atk_mw8266d.o(i.atk_mw8266d_restore) for atk_mw8266d_restore
    demo.o(i.demo_run) refers to atk_mw8266d.o(i.atk_mw8266d_at_test) for atk_mw8266d_at_test
[...]
    _memset                                  0x080009fd   Thumb Code     0  rt_memclr.o(.text)
    __aeabi_memclr4                          0x08000a3d   Thumb Code     0  rt_memclr_w.o(.text)
    __aeabi_memclr8                          0x08000a3d   Thumb Code     0  rt_memclr_w.o(.text)
    __rt_memclr_w                            0x08000a3d   Thumb Code    78  rt_memclr_w.o(.text)
    _memset_w                                0x08000a41   Thumb Code     0  rt_memclr_w.o(.text)
    __use_two_region_memory                  0x08000a8b   Thumb Code     2  heapauxi.o(.text)
    __rt_heap_escrow$2region                 0x08000a8d   Thumb Code     2  heapauxi.o(.text)
    __rt_heap_expand$2region                 0x08000a8f   Thumb Code     2  heapauxi.o(.text)
    __semihosting$guard                      0x08000a91   Thumb Code     0  use_no_semi.o(.text)
    __use_no_semihosting_swi                 0x08000a91   Thumb Code     2  use_no_semi.o(.text)
    _printf_truncate_signed                  0x08000a93   Thumb Code    18  _printf_truncate.o(.text)
    _printf_truncate_unsigned                0x08000aa5   Thumb Code    18  _printf_truncate.o(.text)
    _printf_int_common                       0x08000ab7   Thumb Code   178  _printf_intcommon.o(.text)
    _printf_charcount                        0x08000b69   Thumb Code    40  _printf_charcount.o(.text)
    _printf_char_common                      0x08000b9b   Thumb Code    32  _printf_char_common.o(.text)
    _sputc                                   0x08000bc1   Thumb Code    10  _sputc.o(.text)
    _snputc                                  0x08000bcb   Thumb Code    16  _snputc.o(.text)
    _printf_cs_common                        0x08000bdb   Thumb Code    20  _printf_char.o(.text)
    _printf_char                             0x08000bef   Thumb Code    16  _printf_char.o(.text)
    _printf_string                           0x08000bff   Thumb Code     8  _printf_char.o(.text)
    _printf_char_file                        0x08000c09   Thumb Code    32  _printf_char_file.o(.text)
    _printf_wctomb                           0x08000c2d   Thumb Code   182  _printf_wctomb.o(.text)
    _printf_longlong_dec                     0x08000ce9   Thumb Code   108  _printf_longlong_dec.o(.text)
    _printf_longlong_oct                     0x08000d65   Thumb Code    66  _printf_oct_int_ll.o(.text)
    _printf_int_oct                          0x08000da7   Thumb Code    24  _printf_oct_int_ll.o(.text)
    _printf_ll_oct                           0x08000dbf   Thumb Code    12  _printf_oct_int_ll.o(.text)
    __aeabi_memcpy4                          0x08000dd5   Thumb Code     0  rt_memcpy_w.o(.text)
    __aeabi_memcpy8                          0x08000dd5   Thumb Code     0  rt_memcpy_w.o(.text)
    __rt_memcpy_w                            0x08000dd5   Thumb Code   100  rt_memcpy_w.o(.text)
    _memcpy_lastbytes_aligned                0x08000e1d   Thumb Code     0  rt_memcpy_w.o(.text)
    _ll_udiv10                               0x08000e39   Thumb Code   138  lludiv10.o(.text)
    __lib_sel_fp_printf                      0x08000ec3   Thumb Code     2  _printf_fp_dec.o(.text)
    _printf_fp_dec_real                      0x08001075   Thumb Code   620  _printf_fp_dec.o(.text)
    _printf_fp_hex_real                      0x080012e1   Thumb Code   756  _printf_fp_hex.o(.text)
    _printf_lcs_common                       0x080015dd   Thumb Code    20  _printf_wchar.o(.text)
    _printf_wchar                            0x080015f1   Thumb Code    16  _printf_wchar.o(.text)
    _printf_wstring                          0x08001601   Thumb Code     8  _printf_wchar.o(.text)
    ferror                                   0x08001609   Thumb Code     8  ferror.o(.text)
    _wcrtomb                                 0x08001611   Thumb Code    64  _wcrtomb.o(.text)
    __user_setup_stackheap                   0x08001651   Thumb Code    74  sys_stackheap_outer.o(.text)
    __rt_ctype_table                         0x0800169d   Thumb Code    16  rt_ctype_table.o(.text)
    __rt_locale                              0x080016ad   Thumb Code     8  rt_locale_intlibspace.o(.text)
    _printf_fp_infnan                        0x080016b5   Thumb Code   112  _printf_fp_infnan.o(.text)
    _btod_etento                             0x08001735   Thumb Code   224  bigflt0.o(.text)
    exit                                     0x08001819   Thumb Code    18  exit.o(.text)
    __user_libspace                          0x0800182d   Thumb Code     8  libspace.o(.text)
    __user_perproc_libspace                  0x0800182d   Thumb Code     0  libspace.o(.text)
    __user_perthread_libspace                0x0800182d   Thumb Code     0  libspace.o(.text)
    strcmp                                   0x08001835   Thumb Code   128  strcmpv7m.o(.text)
    _btod_d2e                                0x080018b5   Thumb Code    62  btod.o(CL$$btod_d2e)
    _d2e_denorm_low                          0x080018f3   Thumb Code    70  btod.o(CL$$btod_d2e_denorm_low)
    _d2e_norm_op1                            0x08001939   Thumb Code    96  btod.o(CL$$btod_d2e_norm_op1)
    __btod_div_common                        0x08001999   Thumb Code   696  btod.o(CL$$btod_div_common)
    _e2e                                     0x08001cd1   Thumb Code   220  btod.o(CL$$btod_e2e)
    _btod_ediv                               0x08001dad   Thumb Code    42  btod.o(CL$$btod_ediv)
    _btod_emul                               0x08001dd7   Thumb Code    42  btod.o(CL$$btod_emul)
    __btod_mult_common                       0x08001e01   Thumb Code   580  btod.o(CL$$btod_mult_common)
    BusFault_Handler                         0x08002045   Thumb Code     4  stm32f4xx_it.o(i.BusFault_Handler)
    DCMI_IRQHandler                          0x0800212d   Thumb Code    10  atk_mc5640_dcmi.o(i.DCMI_IRQHandler)
    DMA2_Stream1_IRQHandler                  0x0800213d   Thumb Code    12  atk_mc5640_dcmi.o(i.DMA2_Stream1_IRQHandler)
    DebugMon_Handler                         0x08002277   Thumb Code     2  stm32f4xx_it.o(i.DebugMon_Handler)
    HAL_DCMI_ErrorCallback                   0x08002279   Thumb Code     2  stm32f4xx_hal_dcmi.o(i.HAL_DCMI_ErrorCallback)
    HAL_DCMI_FrameEventCallback              0x0800227d   Thumb Code    16  atk_mc5640_dcmi.o(i.HAL_DCMI_FrameEventCallback)
    HAL_DCMI_IRQHandler                      0x08002291   Thumb Code   170  stm32f4xx_hal_dcmi.o(i.HAL_DCMI_IRQHandler)
    HAL_DCMI_Init                            0x08002341   Thumb Code   146  stm32f4xx_hal_dcmi_ex.o(i.HAL_DCMI_Init)
    HAL_DCMI_LineEventCallback               0x080023d3   Thumb Code     2  stm32f4xx_hal_dcmi.o(i.HAL_DCMI_LineEventCallback)
    HAL_DCMI_MspInit                         0x080023d5   Thumb Code   886  atk_mc5640_dcmi.o(i.HAL_DCMI_MspInit)
    HAL_DCMI_Start_DMA                       0x0800276d   Thumb Code   226  stm32f4xx_hal_dcmi.o(i.HAL_DCMI_Start_DMA)
    HAL_DCMI_Stop                            0x08002859   Thumb Code   136  stm32f4xx_hal_dcmi.o(i.HAL_DCMI_Stop)
    HAL_DCMI_VsyncEventCallback              0x080028e5   Thumb Code     2  stm32f4xx_hal_dcmi.o(i.HAL_DCMI_VsyncEventCallback)
    HAL_DMAEx_ChangeMemory                   0x080028e7   Thumb Code    18  stm32f4xx_hal_dma_ex.o(i.HAL_DMAEx_ChangeMemory)
    HAL_DMAEx_MultiBufferStart_IT            0x080028f9   Thumb Code  4048  stm32f4xx_hal_dma_ex.o(i.HAL_DMAEx_MultiBufferStart_IT)
    HAL_DMA_Abort                            0x080038d1   Thumb Code   170  stm32f4xx_hal_dma.o(i.HAL_DMA_Abort)
    HAL_DMA_Abort_IT                         0x0800397b   Thumb Code    40  stm32f4xx_hal_dma.o(i.HAL_DMA_Abort_IT)
    HAL_DMA_IRQHandler                       0x080039a5   Thumb Code   570  stm32f4xx_hal_dma.o(i.HAL_DMA_IRQHandler)
    HAL_DMA_Init                             0x08003be5   Thumb Code   232  stm32f4xx_hal_dma.o(i.HAL_DMA_Init)
    HAL_DMA_Start_IT                         0x08003cd1   Thumb Code   146  stm32f4xx_hal_dma.o(i.HAL_DMA_Start_IT)
    HAL_GPIO_Init                            0x08003d65   Thumb Code   470  stm32f4xx_hal_gpio.o(i.HAL_GPIO_Init)
    HAL_GPIO_ReadPin                         0x08003f69   Thumb Code    16  stm32f4xx_hal_gpio.o(i.HAL_GPIO_ReadPin)
    HAL_GPIO_TogglePin                       0x08003f79   Thumb Code    20  stm32f4xx_hal_gpio.o(i.HAL_GPIO_TogglePin)
    HAL_GPIO_WritePin                        0x08003f8d   Thumb Code    12  stm32f4xx_hal_gpio.o(i.HAL_GPIO_WritePin)
    HAL_GetREVID                             0x08003f99   Thumb Code     8  stm32f4xx_hal.o(i.HAL_GetREVID)
    HAL_GetTick                              0x08003fa5   Thumb Code     6  stm32f4xx_hal.o(i.HAL_GetTick)
    HAL_IncTick                              0x08003fb1   Thumb Code    16  stm32f4xx_hal.o(i.HAL_IncTick)
    HAL_Init                                 0x08003fc9   Thumb Code    44  stm32f4xx_hal.o(i.HAL_Init)
    HAL_InitTick                             0x08003ff9   Thumb Code    64  stm32f4xx_hal.o(i.HAL_InitTick)
    HAL_MspInit                              0x08004045   Thumb Code     2  stm32f4xx_hal.o(i.HAL_MspInit)
    HAL_NVIC_EnableIRQ                       0x08004047   Thumb Code    32  stm32f4xx_hal_cortex.o(i.HAL_NVIC_EnableIRQ)
    HAL_NVIC_SetPriority                     0x08004067   Thumb Code   124  stm32f4xx_hal_cortex.o(i.HAL_NVIC_SetPriority)
    HAL_NVIC_SetPriorityGrouping             0x080040e5   Thumb Code    32  stm32f4xx_hal_cortex.o(i.HAL_NVIC_SetPriorityGrouping)
    HAL_RCC_ClockConfig                      0x0800410d   Thumb Code   368  stm32f4xx_hal_rcc.o(i.HAL_RCC_ClockConfig)
    HAL_RCC_GetHCLKFreq                      0x08004291   Thumb Code     6  stm32f4xx_hal_rcc.o(i.HAL_RCC_GetHCLKFreq)
    HAL_RCC_GetPCLK1Freq                     0x0800429d   Thumb Code    22  stm32f4xx_hal_rcc.o(i.HAL_RCC_GetPCLK1Freq)
    HAL_RCC_GetPCLK2Freq                     0x080042bd   Thumb Code    22  stm32f4xx_hal_rcc.o(i.HAL_RCC_GetPCLK2Freq)
    HAL_RCC_GetSysClockFreq                  0x080042dd   Thumb Code   162  stm32f4xx_hal_rcc.o(i.HAL_RCC_GetSysClockFreq)
    HAL_RCC_OscConfig                        0x0800438d   Thumb Code  1172  stm32f4xx_hal_rcc.o(i.HAL_RCC_OscConfig)
    HAL_SYSTICK_CLKSourceConfig              0x08004829   Thumb Code    40  stm32f4xx_hal_cortex.o(i.HAL_SYSTICK_CLKSourceConfig)
    HAL_SYSTICK_Config                       0x08004851   Thumb Code    52  stm32f4xx_hal_cortex.o(i.HAL_SYSTICK_Config)
    HAL_TIM_Base_Init                        0x08004885   Thumb Code   102  stm32f4xx_hal_tim.o(i.HAL_TIM_Base_Init)
    HAL_TIM_Base_MspInit                     0x080048ed   Thumb Code    82  atk_mw1278d_uart.o(i.HAL_TIM_Base_MspInit)
    HAL_UART_Init                            0x0800494d   Thumb Code   114  stm32f4xx_hal_uart.o(i.HAL_UART_Init)
    HAL_UART_MspInit                         0x080049c1   Thumb Code   648  usart.o(i.HAL_UART_MspInit)
    HAL_UART_Receive                         0x08004c61   Thumb Code   220  stm32f4xx_hal_uart.o(i.HAL_UART_Receive)
    HAL_UART_Transmit                        0x08004d3d   Thumb Code   210  stm32f4xx_hal_uart.o(i.HAL_UART_Transmit)
    HardFault_Handler                        0x08004e0f   Thumb Code     4  stm32f4xx_it.o(i.HardFault_Handler)
    MemManage_Handler                        0x08004e13   Thumb Code     4  stm32f4xx_it.o(i.MemManage_Handler)
    NMI_Handler                              0x08004e17   Thumb Code     2  stm32f4xx_it.o(i.NMI_Handler)
    SysTick_Handler                          0x08004e19   Thumb Code    20  delay.o(i.SysTick_Handler)
    SystemInit                               0x08004e2d   Thumb Code    14  system_stm32f4xx.o(i.SystemInit)
    TIM6_DAC_IRQHandler                      0x08004e41   Thumb Code    90  atk_mw1278d_uart.o(i.TIM6_DAC_IRQHandler)
    TIM_Base_SetConfig                       0x08004ea5   Thumb Code   170  stm32f4xx_hal_tim.o(i.TIM_Base_SetConfig)
    USART1_IRQHandler                        0x08005215   Thumb Code   254  atk_mo1218_uart.o(i.USART1_IRQHandler)
    USART2_IRQHandler                        0x0800531d   Thumb Code   252  atk_mw8266d_uart.o(i.USART2_IRQHandler)
    USART3_IRQHandler                        0x08005421   Thumb Code   232  atk_mw1278d_uart.o(i.USART3_IRQHandler)
    UsageFault_Handler                       0x08005515   Thumb Code     4  stm32f4xx_it.o(i.UsageFault_Handler)
    __ARM_fpclassify                         0x08005519   Thumb Code    48  fpclassify.o(i.__ARM_fpclassify)
    _is_digit                                0x08005581   Thumb Code    14  __printf_wp.o(i._is_digit)
    _sys_exit                                0x0800558f   Thumb Code     4  usart.o(i._sys_exit)
    atk_mc5640_auto_focus_continuance        0x08005593   Thumb Code   130  atk_mc5640.o(i.atk_mc5640_auto_focus_continuance)
    atk_mc5640_auto_focus_init               0x08005615   Thumb Code   188  atk_mc5640.o(i.atk_mc5640_auto_focus_init)
    atk_mc5640_dcmi_init                     0x080056d5   Thumb Code    36  atk_mc5640_dcmi.o(i.atk_mc5640_dcmi_init)
    atk_mc5640_dcmi_start                    0x08005701   Thumb Code    88  atk_mc5640_dcmi.o(i.atk_mc5640_dcmi_start)
    atk_mc5640_get_frame                     0x080057c1   Thumb Code   174  atk_mc5640.o(i.atk_mc5640_get_frame)
    atk_mc5640_init                          0x08005ab1   Thumb Code    52  atk_mc5640.o(i.atk_mc5640_init)
    atk_mc5640_sccb_2_phase_read             0x08005b27   Thumb Code    34  atk_mc5640_sccb.o(i.atk_mc5640_sccb_2_phase_read)
    atk_mc5640_sccb_2_phase_write            0x08005b49   Thumb Code    40  atk_mc5640_sccb.o(i.atk_mc5640_sccb_2_phase_write)
    atk_mc5640_sccb_3_phase_write            0x08005b71   Thumb Code    48  atk_mc5640_sccb.o(i.atk_mc5640_sccb_3_phase_write)
    atk_mc5640_sccb_init                     0x08005bad   Thumb Code   134  atk_mc5640_sccb.o(i.atk_mc5640_sccb_init)
    atk_mc5640_set_brightness                0x08005e3d   Thumb Code   412  atk_mc5640.o(i.atk_mc5640_set_brightness)
    atk_mc5640_set_color_saturation          0x08005fd9   Thumb Code   502  atk_mc5640.o(i.atk_mc5640_set_color_saturation)
    atk_mc5640_set_contrast                  0x080061cf   Thumb Code   502  atk_mc5640.o(i.atk_mc5640_set_contrast)
    atk_mc5640_set_exposure_level            0x080063c5   Thumb Code   728  atk_mc5640.o(i.atk_mc5640_set_exposure_level)
    atk_mc5640_set_hue                       0x0800669d   Thumb Code   666  atk_mc5640.o(i.atk_mc5640_set_hue)
    atk_mc5640_set_light_mode                0x08006937   Thumb Code   594  atk_mc5640.o(i.atk_mc5640_set_light_mode)
    atk_mc5640_set_mirror_flip               0x08006b89   Thumb Code   256  atk_mc5640.o(i.atk_mc5640_set_mirror_flip)
    atk_mc5640_set_output_format             0x08006c89   Thumb Code    82  atk_mc5640.o(i.atk_mc5640_set_output_format)
    atk_mc5640_set_output_size               0x08006ce5   Thumb Code   136  atk_mc5640.o(i.atk_mc5640_set_output_size)
    atk_mc5640_set_pre_scaling_window        0x08006d6d   Thumb Code   102  atk_mc5640.o(i.atk_mc5640_set_pre_scaling_window)
    atk_mc5640_set_sharpness_level           0x08006dd3   Thumb Code   326  atk_mc5640.o(i.atk_mc5640_set_sharpness_level)
    atk_mc5640_set_special_effect            0x08006f19   Thumb Code   286  atk_mc5640.o(i.atk_mc5640_set_special_effect)
    atk_mc5640_set_test_pattern              0x08007037   Thumb Code    92  atk_mc5640.o(i.atk_mc5640_set_test_pattern)
    atk_mo1218_config_gnss_for_navigation    0x080070d1   Thumb Code   118  atk_mo1218_bin_msg.o(i.atk_mo1218_config_gnss_for_navigation)
    atk_mo1218_config_nmea_msg               0x08007147   Thumb Code   118  atk_mo1218_bin_msg.o(i.atk_mo1218_config_nmea_msg)
    atk_mo1218_config_output_type            0x080071bd   Thumb Code   110  atk_mo1218_bin_msg.o(i.atk_mo1218_config_output_type)
    atk_mo1218_config_position_rate          0x0800722b   Thumb Code   172  atk_mo1218_bin_msg.o(i.atk_mo1218_config_position_rate)
    atk_mo1218_decode_nmea_xxgga             0x080073e1   Thumb Code   720  atk_mo1218_nmea_msg.o(i.atk_mo1218_decode_nmea_xxgga)
    atk_mo1218_decode_nmea_xxgsa             0x080076b9   Thumb Code   436  atk_mo1218_nmea_msg.o(i.atk_mo1218_decode_nmea_xxgsa)
    atk_mo1218_decode_nmea_xxgsv             0x0800786d   Thumb Code   768  atk_mo1218_nmea_msg.o(i.atk_mo1218_decode_nmea_xxgsv)
    atk_mo1218_decode_nmea_xxrmc             0x08007b6d   Thumb Code   796  atk_mo1218_nmea_msg.o(i.atk_mo1218_decode_nmea_xxrmc)
    atk_mo1218_decode_nmea_xxvtg             0x08007e91   Thumb Code   348  atk_mo1218_nmea_msg.o(i.atk_mo1218_decode_nmea_xxvtg)
    atk_mo1218_factory_reset                 0x08007fed   Thumb Code    66  atk_mo1218_bin_msg.o(i.atk_mo1218_factory_reset)
    atk_mo1218_get_nmea_msg_from_buf         0x08008061   Thumb Code   224  atk_mo1218_nmea_msg.o(i.atk_mo1218_get_nmea_msg_from_buf)
    atk_mo1218_get_sw_version                0x08008191   Thumb Code   156  atk_mo1218_bin_msg.o(i.atk_mo1218_get_sw_version)
    atk_mo1218_init                          0x0800822d   Thumb Code    28  atk_mo1218.o(i.atk_mo1218_init)
    atk_mo1218_send_bin_msg                  0x080082d9   Thumb Code   206  atk_mo1218_bin_msg.o(i.atk_mo1218_send_bin_msg)
    atk_mo1218_uart_init                     0x080083ad   Thumb Code    38  atk_mo1218_uart.o(i.atk_mo1218_uart_init)
    atk_mo1218_uart_rx_get_frame             0x080083dd   Thumb Code    38  atk_mo1218_uart.o(i.atk_mo1218_uart_rx_get_frame)
    atk_mo1218_uart_rx_restart               0x08008409   Thumb Code    32  atk_mo1218_uart.o(i.atk_mo1218_uart_rx_restart)
    atk_mo1218_uart_send                     0x0800842d   Thumb Code    22  atk_mo1218_uart.o(i.atk_mo1218_uart_send)
    atk_mo1218_update                        0x08008449   Thumb Code   866  atk_mo1218.o(i.atk_mo1218_update)
    atk_mw1278d_addr_config                  0x080087ad   Thumb Code    52  atk_mw1278d.o(i.atk_mw1278d_addr_config)
    atk_mw1278d_at_test                      0x080087f9   Thumb Code    38  atk_mw1278d.o(i.atk_mw1278d_at_test)
    atk_mw1278d_enter_config                 0x08008829   Thumb Code    18  atk_mw1278d.o(i.atk_mw1278d_enter_config)
    atk_mw1278d_exit_config                  0x08008841   Thumb Code    18  atk_mw1278d.o(i.atk_mw1278d_exit_config)
    atk_mw1278d_init                         0x080088f5   Thumb Code    38  atk_mw1278d.o(i.atk_mw1278d_init)
    atk_mw1278d_send_at_cmd                  0x0800891d   Thumb Code    78  atk_mw1278d.o(i.atk_mw1278d_send_at_cmd)
    atk_mw1278d_tmode_config                 0x08008975   Thumb Code    64  atk_mw1278d.o(i.atk_mw1278d_tmode_config)
    atk_mw1278d_tpower_config                0x080089c5   Thumb Code    76  atk_mw1278d.o(i.atk_mw1278d_tpower_config)
    atk_mw1278d_uart_config                  0x08008a25   Thumb Code   112  atk_mw1278d.o(i.atk_mw1278d_uart_config)
    atk_mw1278d_uart_init                    0x08008aa9   Thumb Code    60  atk_mw1278d_uart.o(i.atk_mw1278d_uart_init)
    atk_mw1278d_uart_printf                  0x08008af5   Thumb Code    50  atk_mw1278d_uart.o(i.atk_mw1278d_uart_printf)
    atk_mw1278d_uart_rx_get_frame            0x08008b31   Thumb Code    38  atk_mw1278d_uart.o(i.atk_mw1278d_uart_rx_get_frame)
    atk_mw1278d_uart_rx_restart              0x08008b5d   Thumb Code    32  atk_mw1278d_uart.o(i.atk_mw1278d_uart_rx_restart)
    atk_mw1278d_wlrate_channel_config        0x08008b81   Thumb Code    92  atk_mw1278d.o(i.atk_mw1278d_wlrate_channel_config)
    atk_mw1278d_wltime_config                0x08008bf1   Thumb Code    64  atk_mw1278d.o(i.atk_mw1278d_wltime_config)
    atk_mw1278d_workmode_config              0x08008c45   Thumb Code    76  atk_mw1278d.o(i.atk_mw1278d_workmode_config)
    atk_mw8266d_at_test                      0x08008ca5   Thumb Code    38  atk_mw8266d.o(i.atk_mw8266d_at_test)
    atk_mw8266d_ate_config                   0x08008cd5   Thumb Code    60  atk_mw8266d.o(i.atk_mw8266d_ate_config)
    atk_mw8266d_connect_mqtt_server          0x08008d25   Thumb Code    68  atk_mw8266d.o(i.atk_mw8266d_connect_mqtt_server)
    atk_mw8266d_get_ip                       0x08008db9   Thumb Code    70  atk_mw8266d.o(i.atk_mw8266d_get_ip)
    atk_mw8266d_hw_reset                     0x08008e65   Thumb Code    46  atk_mw8266d.o(i.atk_mw8266d_hw_reset)
    atk_mw8266d_init                         0x08008e99   Thumb Code    32  atk_mw8266d.o(i.atk_mw8266d_init)
    atk_mw8266d_join_ap                      0x08008eb9   Thumb Code    46  atk_mw8266d.o(i.atk_mw8266d_join_ap)
    atk_mw8266d_mqtt_publish                 0x08008f09   Thumb Code    46  atk_mw8266d.o(i.atk_mw8266d_mqtt_publish)
    atk_mw8266d_restore                      0x08008f55   Thumb Code    26  atk_mw8266d.o(i.atk_mw8266d_restore)
    atk_mw8266d_send_at_cmd                  0x08008f85   Thumb Code    78  atk_mw8266d.o(i.atk_mw8266d_send_at_cmd)
    atk_mw8266d_set_mode                     0x08008fdd   Thumb Code    82  atk_mw8266d.o(i.atk_mw8266d_set_mode)
    atk_mw8266d_sw_reset                     0x08009059   Thumb Code    34  atk_mw8266d.o(i.atk_mw8266d_sw_reset)
    atk_mw8266d_uart_init                    0x08009089   Thumb Code    38  atk_mw8266d_uart.o(i.atk_mw8266d_uart_init)
    atk_mw8266d_uart_printf                  0x080090b9   Thumb Code    50  atk_mw8266d_uart.o(i.atk_mw8266d_uart_printf)
    atk_mw8266d_uart_rx_get_frame            0x080090f5   Thumb Code    38  atk_mw8266d_uart.o(i.atk_mw8266d_uart_rx_get_frame)
    atk_mw8266d_uart_rx_restart              0x08009121   Thumb Code    32  atk_mw8266d_uart.o(i.atk_mw8266d_uart_rx_restart)
    base64_encode                            0x08009145   Thumb Code   248  base64.o(i.base64_encode)
    delay_init                               0x08009241   Thumb Code    52  delay.o(i.delay_init)
    delay_ms                                 0x08009279   Thumb Code    24  delay.o(i.delay_ms)
    delay_us                                 0x08009291   Thumb Code    68  delay.o(i.delay_us)
    demo_run                                 0x080092d9   Thumb Code   640  demo.o(i.demo_run)
    fputc                                    0x0800985d   Thumb Code    22  usart.o(i.fputc)
    key_init                                 0x08009879   Thumb Code   240  key.o(i.key_init)
    led_init                                 0x08009975   Thumb Code   142  led.o(i.led_init)
    main                                     0x08009a0d   Thumb Code    50  main.o(i.main)
    pvPortMalloc                             0x0800a44d   Thumb Code   280  heap_4.o(i.pvPortMalloc)
    pvTaskIncrementMutexHeldCount            0x0800a579   Thumb Code    26  tasks.o(i.pvTaskIncrementMutexHeldCount)
    pxPortInitialiseStack                    0x0800a599   Thumb Code    38  port.o(i.pxPortInitialiseStack)
    show_mesg                                0x0800a5c5   Thumb Code    46  main.o(i.show_mesg)
    start_task                               0x0800a645   Thumb Code   168  demo.o(i.start_task)
    sys_stm32_clock_init                     0x0800a74d   Thumb Code   192  sys.o(i.sys_stm32_clock_init)
    task1                                    0x0800a819   Thumb Code   456  demo.o(i.task1)
    task2                                    0x0800aa55   Thumb Code    58  demo.o(i.task2)
    task3                                    0x0800aacd   Thumb Code    46  demo.o(i.task3)
    task4                                    0x0800ab11   Thumb Code   262  demo.o(i.task4)
    task5                                    0x0800ac8d   Thumb Code   376  demo.o(i.task5)
    uxListRemove                             0x0800aee5   Thumb Code    40  list.o(i.uxListRemove)
    vApplicationStackOverflowHook            0x0800af0d   Thumb Code    14  demo.o(i.vApplicationStackOverflowHook)
    vListInitialise                          0x0800af39   Thumb Code    26  list.o(i.vListInitialise)
    vListInitialiseItem                      0x0800af53   Thumb Code     6  list.o(i.vListInitialiseItem)
    vListInsert                              0x0800af59   Thumb Code    52  list.o(i.vListInsert)
    vListInsertEnd                           0x0800af8d   Thumb Code    24  list.o(i.vListInsertEnd)
    vPortEnterCritical                       0x0800afa5   Thumb Code    76  port.o(i.vPortEnterCritical)
    vPortExitCritical                        0x0800aff9   Thumb Code    56  port.o(i.vPortExitCritical)
    vPortFree                                0x0800b035   Thumb Code   132  heap_4.o(i.vPortFree)
    vPortSetupTimerInterrupt                 0x0800b0c1   Thumb Code    36  port.o(i.vPortSetupTimerInterrupt)
    vQueueAddToRegistry                      0x0800b0e9   Thumb Code    90  queue.o(i.vQueueAddToRegistry)
    vQueueWaitForMessageRestricted           0x0800b149   Thumb Code    74  queue.o(i.vQueueWaitForMessageRestricted)
    vTaskDelay                               0x0800b195   Thumb Code    82  tasks.o(i.vTaskDelay)
    vTaskDelete                              0x0800b1f1   Thumb Code   210  tasks.o(i.vTaskDelete)
    vTaskInternalSetTimeOutState             0x0800b2ed   Thumb Code    14  tasks.o(i.vTaskInternalSetTimeOutState)
    vTaskMissedYield                         0x0800b305   Thumb Code     8  tasks.o(i.vTaskMissedYield)
    vTaskPlaceOnEventList                    0x0800b311   Thumb Code    52  tasks.o(i.vTaskPlaceOnEventList)
    vTaskPlaceOnEventListRestricted          0x0800b349   Thumb Code    94  tasks.o(i.vTaskPlaceOnEventListRestricted)
    vTaskPriorityDisinheritAfterTimeout      0x0800b3ad   Thumb Code   268  tasks.o(i.vTaskPriorityDisinheritAfterTimeout)
    vTaskResume                              0x0800b4c5   Thumb Code   180  tasks.o(i.vTaskResume)
    vTaskStartScheduler                      0x0800b589   Thumb Code   122  tasks.o(i.vTaskStartScheduler)
    vTaskSuspend                             0x0800b625   Thumb Code   224  tasks.o(i.vTaskSuspend)
    vTaskSuspendAll                          0x0800b725   Thumb Code    12  tasks.o(i.vTaskSuspendAll)
    vTaskSwitchContext                       0x0800b735   Thumb Code   148  tasks.o(i.vTaskSwitchContext)
    xPortStartScheduler                      0x0800b7dd   Thumb Code   330  port.o(i.xPortStartScheduler)
    xPortSysTickHandler                      0x0800b945   Thumb Code    46  port.o(i.xPortSysTickHandler)
    xQueueGenericCreate                      0x0800b979   Thumb Code   102  queue.o(i.xQueueGenericCreate)
    xQueueGenericReset                       0x0800b9e1   Thumb Code   214  queue.o(i.xQueueGenericReset)
    xQueueGenericSend                        0x0800babd   Thumb Code   420  queue.o(i.xQueueGenericSend)
    xQueuePeek                               0x0800bc65   Thumb Code   362  queue.o(i.xQueuePeek)
    xQueueReceive                            0x0800bdd5   Thumb Code   356  queue.o(i.xQueueReceive)
    xQueueSemaphoreTake                      0x0800bf3d   Thumb Code   398  queue.o(i.xQueueSemaphoreTake)
    xTaskCheckForTimeOut                     0x0800c0d1   Thumb Code   136  tasks.o(i.xTaskCheckForTimeOut)
    xTaskCreate                              0x0800c161   Thumb Code   104  tasks.o(i.xTaskCreate)
    xTaskGetSchedulerState                   0x0800c1c9   Thumb Code    24  tasks.o(i.xTaskGetSchedulerState)
    xTaskGetTickCount                        0x0800c1e9   Thumb Code     6  tasks.o(i.xTaskGetTickCount)
    xTaskIncrementTick                       0x0800c1f5   Thumb Code   398  tasks.o(i.xTaskIncrementTick)
    xTaskPriorityDisinherit                  0x0800c3b1   Thumb Code   226  tasks.o(i.xTaskPriorityDisinherit)
    xTaskPriorityInherit                     0x0800c4a1   Thumb Code   224  tasks.o(i.xTaskPriorityInherit)
    xTaskRemoveFromEventList                 0x0800c58d   Thumb Code   264  tasks.o(i.xTaskRemoveFromEventList)
    xTaskResumeAll                           0x0800c6ad   Thumb Code   338  tasks.o(i.xTaskResumeAll)
    xTimerCreateTimerTask                    0x0800c825   Thumb Code    66  timers.o(i.xTimerCreateTimerTask)
    _get_lc_numeric                          0x0800c87d   Thumb Code    44  lc_numeric_c.o(locale$$code)
    _get_lc_ctype                            0x0800c8a9   Thumb Code    44  lc_ctype_c.o(locale$$code)
    _fp_init                                 0x0800c8d5   Thumb Code    10  fpinit.o(x$fpl$fpinit)
    __fplib_config_fpu_vfp                   0x0800c8dd   Thumb Code     0  fpinit.o(x$fpl$fpinit)
    __fplib_config_pureend_doubles           0x0800c8dd   Thumb Code     0  fpinit.o(x$fpl$fpinit)
    _printf_fp_dec                           0x0800c8df   Thumb Code     4  printf1.o(x$fpl$printf1)
    _printf_fp_hex                           0x0800c8e3   Thumb Code     4  printf2.o(x$fpl$printf2)
    AHBPrescTable                            0x0800c8e6   Data          16  system_stm32f4xx.o(.constdata)
    __I$use$fp                               0x0800c8e6   Number         0  usenofp.o(x$fpl$usenofp)
    APBPrescTable                            0x0800c8f6   Data           8  system_stm32f4xx.o(.constdata)
    atk_mc5640_init_cfg                      0x0800c906   Data         828  atk_mc5640.o(.constdata)
    atk_mc5640_rgb565_cfg                    0x0800cc42   Data         180  atk_mc5640.o(.constdata)
    atk_mc5640_jpeg_cfg                      0x0800ccf6   Data         164  atk_mc5640.o(.constdata)
    atk_mc5640_auto_focus_firmware           0x0800cd9a   Data        4077  atk_mc5640.o(.constdata)
    Region$$Table$$Base                      0x0800df1c   Number         0  anon$$obj.o(Region$$Table)
    Region$$Table$$Limit                     0x0800df3c   Number         0  anon$$obj.o(Region$$Table)
    __ctype                                  0x0800df65   Data           0  lc_ctype_c.o(locale$$data)
    SystemCoreClock                          0x20000000   Data           4  system_stm32f4xx.o(.data)
    StartTask_Handler                        0x20000004   Data           4  demo.o(.data)
    Task1Task_Handler                        0x20000008   Data           4  demo.o(.data)
    Task2Task_Handler                        0x2000000c   Data           4  demo.o(.data)
    Task3Task_Handler                        0x20000010   Data           4  demo.o(.data)
    Task4Task_Handler                        0x20000014   Data           4  demo.o(.data)
    Task5Task_Handler                        0x20000018   Data           4  demo.o(.data)
    xQueue1                                  0x2000001c   Data           4  demo.o(.data)
    xQueue2                                  0x20000020   Data           4  demo.o(.data)
    BinarySemaphore                          0x20000024   Data           4  demo.o(.data)
    buf                                      0x20000028   Data           4  demo.o(.data)
    time                                     0x2000002c   Data           4  demo.o(.data)
    __stdout                                 0x20000034   Data           4  usart.o(.data)
    uwTick                                   0x20000038   Data           4  stm32f4xx_hal.o(.data)
    uwTickPrio                               0x2000003c   Data           4  stm32f4xx_hal.o(.data)
    uwTickFreq                               0x20000040   Data           1  stm32f4xx_hal.o(.data)
    pxCurrentTCB                             0x20000044   Data           4  tasks.o(.data)
    uxTopUsedPriority                        0x2000007c   Data           4  tasks.o(.data)
    g_jpeg_buf                               0x200000c0   Data       35840  demo.o(.bss)
    xQueueRegistry                           0x200098ec   Data          64  queue.o(.bss)
    __libspace_start                         0x2001c61c   Data          96  libspace.o(.bss)
    __temporary_stack_top$libspace           0x2001c67c   Data           0  libspace.o(.bss)



==============================================================================

Memory Map of the image

  Image Entry point : 0x08000189

  Load Region LR_IROM1 (Base: 0x08000000, Size: 0x0000e128, Max: 0x00100000, ABSOLUTE)

    Execution Region ER_IROM1 (Exec base: 0x08000000, Load base: 0x08000000, Size: 0x0000e068, Max: 0x00100000, ABSOLUTE)

    Exec Addr    Load Addr    Size         Type   Attr      Idx    E Section Name        Object

    0x08000000   0x08000000   0x00000188   Data   RO            3    RESET               startup_stm32f407xx.o
    0x08000188   0x08000188   0x00000008   Code   RO         6622  * !!!main             c_w.l(__main.o)
    0x08000190   0x08000190   0x00000034   Code   RO         6918    !!!scatter          c_w.l(__scatter.o)
    0x080001c4   0x080001c4   0x0000001a   Code   RO         6920    !!handler_copy      c_w.l(__scatter_copy.o)
    0x080001de   0x080001de   0x00000002   PAD
    0x080001e0   0x080001e0   0x0000001c   Code   RO         6922    !!handler_zi        c_w.l(__scatter_zi.o)
    0x080001fc   0x080001fc   0x00000000   Code   RO         6603    .ARM.Collect$$_printf_percent$$00000000  c_w.l(_printf_percent.o)
    0x080001fc   0x080001fc   0x00000006   Code   RO         6671    .ARM.Collect$$_printf_percent$$00000001  c_w.l(_printf_n.o)
    0x08000202   0x08000202   0x00000006   Code   RO         6672    .ARM.Collect$$_printf_percent$$00000002  c_w.l(_printf_p.o)
    0x08000208   0x08000208   0x00000006   Code   RO         6675    .ARM.Collect$$_printf_percent$$00000003  c_w.l(_printf_f.o)
    0x0800020e   0x0800020e   0x00000006   Code   RO         6676    .ARM.Collect$$_printf_percent$$00000004  c_w.l(_printf_e.o)
    0x08000214   0x08000214   0x00000006   Code   RO         6677    .ARM.Collect$$_printf_percent$$00000005  c_w.l(_printf_g.o)
    0x0800021a   0x0800021a   0x00000006   Code   RO         6678    .ARM.Collect$$_printf_percent$$00000006  c_w.l(_printf_a.o)
    0x08000220   0x08000220   0x0000000a   Code   RO         6683    .ARM.Collect$$_printf_percent$$00000007  c_w.l(_printf_ll.o)
    0x0800022a   0x0800022a   0x00000006   Code   RO         6674    .ARM.Collect$$_printf_percent$$00000008  c_w.l(_printf_i.o)
    0x08000230   0x08000230   0x00000006   Code   RO         6601    .ARM.Collect$$_printf_percent$$00000009  c_w.l(_printf_d.o)
    0x08000236   0x08000236   0x00000006   Code   RO         6602    .ARM.Collect$$_printf_percent$$0000000A  c_w.l(_printf_u.o)
    0x0800023c   0x0800023c   0x00000006   Code   RO         6673    .ARM.Collect$$_printf_percent$$0000000B  c_w.l(_printf_o.o)
    0x08000242   0x08000242   0x00000006   Code   RO         6600    .ARM.Collect$$_printf_percent$$0000000C  c_w.l(_printf_x.o)
    0x08000248   0x08000248   0x00000006   Code   RO         6680    .ARM.Collect$$_printf_percent$$0000000D  c_w.l(_printf_lli.o)
    0x0800024e   0x0800024e   0x00000006   Code   RO         6681    .ARM.Collect$$_printf_percent$$0000000E  c_w.l(_printf_lld.o)
    0x08000254   0x08000254   0x00000006   Code   RO         6682    .ARM.Collect$$_printf_percent$$0000000F  c_w.l(_printf_llu.o)
    0x0800025a   0x0800025a   0x00000006   Code   RO         6687    .ARM.Collect$$_printf_percent$$00000010  c_w.l(_printf_llo.o)
    0x08000260   0x08000260   0x00000006   Code   RO         6688    .ARM.Collect$$_printf_percent$$00000011  c_w.l(_printf_llx.o)
    0x08000266   0x08000266   0x0000000a   Code   RO         6684    .ARM.Collect$$_printf_percent$$00000012  c_w.l(_printf_l.o)
    0x08000270   0x08000270   0x00000006   Code   RO         6670    .ARM.Collect$$_printf_percent$$00000013  c_w.l(_printf_c.o)
    0x08000276   0x08000276   0x00000006   Code   RO         6599    .ARM.Collect$$_printf_percent$$00000014  c_w.l(_printf_s.o)
    0x0800027c   0x0800027c   0x00000006   Code   RO         6685    .ARM.Collect$$_printf_percent$$00000015  c_w.l(_printf_lc.o)
    0x08000282   0x08000282   0x00000006   Code   RO         6686    .ARM.Collect$$_printf_percent$$00000016  c_w.l(_printf_ls.o)
    0x08000288   0x08000288   0x00000004   Code   RO         6679    .ARM.Collect$$_printf_percent$$00000017  c_w.l(_printf_percent_end.o)
    0x0800028c   0x0800028c   0x00000002   Code   RO         6788    .ARM.Collect$$libinit$$00000000  c_w.l(libinit.o)
    0x0800028e   0x0800028e   0x00000004   Code   RO         6809    .ARM.Collect$$libinit$$00000001  c_w.l(libinit2.o)
    0x08000292   0x08000292   0x00000000   Code   RO         6812    .ARM.Collect$$libinit$$00000004  c_w.l(libinit2.o)
    0x08000292   0x08000292   0x00000000   Code   RO         6815    .ARM.Collect$$libinit$$0000000A  c_w.l(libinit2.o)
    0x08000292   0x08000292   0x00000000   Code   RO         6817    .ARM.Collect$$libinit$$0000000C  c_w.l(libinit2.o)
    0x08000292   0x08000292   0x00000000   Code   RO         6819    .ARM.Collect$$libinit$$0000000E  c_w.l(libinit2.o)
    0x08000292   0x08000292   0x00000006   Code   RO         6820    .ARM.Collect$$libinit$$0000000F  c_w.l(libinit2.o)
    0x08000298   0x08000298   0x00000000   Code   RO         6822    .ARM.Collect$$libinit$$00000011  c_w.l(libinit2.o)
    0x08000298   0x08000298   0x0000000c   Code   RO         6823    .ARM.Collect$$libinit$$00000012  c_w.l(libinit2.o)
    0x080002a4   0x080002a4   0x00000000   Code   RO         6824    .ARM.Collect$$libinit$$00000013  c_w.l(libinit2.o)
    0x080002a4   0x080002a4   0x00000000   Code   RO         6826    .ARM.Collect$$libinit$$00000015  c_w.l(libinit2.o)
    0x080002a4   0x080002a4   0x0000000a   Code   RO         6827    .ARM.Collect$$libinit$$00000016  c_w.l(libinit2.o)
    0x080002ae   0x080002ae   0x00000000   Code   RO         6828    .ARM.Collect$$libinit$$00000017  c_w.l(libinit2.o)
    0x080002ae   0x080002ae   0x00000000   Code   RO         6830    .ARM.Collect$$libinit$$00000019  c_w.l(libinit2.o)
    0x080002ae   0x080002ae   0x00000000   Code   RO         6832    .ARM.Collect$$libinit$$0000001B  c_w.l(libinit2.o)
    0x080002ae   0x080002ae   0x00000000   Code   RO         6834    .ARM.Collect$$libinit$$0000001D  c_w.l(libinit2.o)
    0x080002ae   0x080002ae   0x00000000   Code   RO         6836    .ARM.Collect$$libinit$$0000001F  c_w.l(libinit2.o)
    0x080002ae   0x080002ae   0x00000000   Code   RO         6838    .ARM.Collect$$libinit$$00000021  c_w.l(libinit2.o)
    0x080002ae   0x080002ae   0x00000000   Code   RO         6840    .ARM.Collect$$libinit$$00000023  c_w.l(libinit2.o)
    0x080002ae   0x080002ae   0x00000000   Code   RO         6842    .ARM.Collect$$libinit$$00000025  c_w.l(libinit2.o)
    0x080002ae   0x080002ae   0x00000000   Code   RO         6846    .ARM.Collect$$libinit$$0000002C  c_w.l(libinit2.o)
    0x080002ae   0x080002ae   0x00000000   Code   RO         6848    .ARM.Collect$$libinit$$0000002E  c_w.l(libinit2.o)
    0x080002ae   0x080002ae   0x00000000   Code   RO         6850    .ARM.Collect$$libinit$$00000030  c_w.l(libinit2.o)
    0x080002ae   0x080002ae   0x00000000   Code   RO         6852    .ARM.Collect$$libinit$$00000032  c_w.l(libinit2.o)
    0x080002ae   0x080002ae   0x00000002   Code   RO         6853    .ARM.Collect$$libinit$$00000033  c_w.l(libinit2.o)
    0x080002b0   0x080002b0   0x00000002   Code   RO         6877    .ARM.Collect$$libshutdown$$00000000  c_w.l(libshutdown.o)
    0x080002b2   0x080002b2   0x00000000   Code   RO         6901    .ARM.Collect$$libshutdown$$00000002  c_w.l(libshutdown2.o)
    0x080002b2   0x080002b2   0x00000000   Code   RO         6903    .ARM.Collect$$libshutdown$$00000004  c_w.l(libshutdown2.o)
    0x080002b2   0x080002b2   0x00000000   Code   RO         6906    .ARM.Collect$$libshutdown$$00000007  c_w.l(libshutdown2.o)
    0x080002b2   0x080002b2   0x00000000   Code   RO         6909    .ARM.Collect$$libshutdown$$0000000A  c_w.l(libshutdown2.o)
    0x080002b2   0x080002b2   0x00000000   Code   RO         6911    .ARM.Collect$$libshutdown$$0000000C  c_w.l(libshutdown2.o)
    0x080002b2   0x080002b2   0x00000000   Code   RO         6914    .ARM.Collect$$libshutdown$$0000000F  c_w.l(libshutdown2.o)
    0x080002b2   0x080002b2   0x00000002   Code   RO         6915    .ARM.Collect$$libshutdown$$00000010  c_w.l(libshutdown2.o)
    0x080002b4   0x080002b4   0x00000000   Code   RO         6638    .ARM.Collect$$rtentry$$00000000  c_w.l(__rtentry.o)
    0x080002b4   0x080002b4   0x00000000   Code   RO         6705    .ARM.Collect$$rtentry$$00000002  c_w.l(__rtentry2.o)
    0x080002b4   0x080002b4   0x00000006   Code   RO         6717    .ARM.Collect$$rtentry$$00000004  c_w.l(__rtentry4.o)
    0x080002ba   0x080002ba   0x00000000   Code   RO         6707    .ARM.Collect$$rtentry$$00000009  c_w.l(__rtentry2.o)
    0x080002ba   0x080002ba   0x00000004   Code   RO         6708    .ARM.Collect$$rtentry$$0000000A  c_w.l(__rtentry2.o)
    0x080002be   0x080002be   0x00000000   Code   RO         6710    .ARM.Collect$$rtentry$$0000000C  c_w.l(__rtentry2.o)
    0x080002be   0x080002be   0x00000008   Code   RO         6711    .ARM.Collect$$rtentry$$0000000D  c_w.l(__rtentry2.o)
    0x080002c6   0x080002c6   0x00000002   Code   RO         6796    .ARM.Collect$$rtexit$$00000000  c_w.l(rtexit.o)
    0x080002c8   0x080002c8   0x00000000   Code   RO         6855    .ARM.Collect$$rtexit$$00000002  c_w.l(rtexit2.o)
    0x080002c8   0x080002c8   0x00000004   Code   RO         6856    .ARM.Collect$$rtexit$$00000003  c_w.l(rtexit2.o)
    0x080002cc   0x080002cc   0x00000006   Code   RO         6857    .ARM.Collect$$rtexit$$00000004  c_w.l(rtexit2.o)
    0x080002d2   0x080002d2   0x00000002   PAD
    0x080002d4   0x080002d4   0x000000be   Code   RO         6392    .emb_text           port.o
    0x08000392   0x08000392   0x00000002   PAD
    0x08000394   0x08000394   0x0000004c   Code   RO            4    .text               startup_stm32f407xx.o
    0x080003e0   0x080003e0   0x00000002   Code   RO         6532    .text               c_w.l(use_no_semi_2.o)
    0x080003e2   0x080003e2   0x000000ee   Code   RO         6534    .text               c_w.l(lludivv7m.o)
    0x080004d0   0x080004d0   0x00000024   Code   RO         6536    .text               c_w.l(vsprintf.o)
    0x080004f4   0x080004f4   0x00000018   Code   RO         6538    .text               c_w.l(__2printf.o)
    0x0800050c   0x0800050c   0x0000002c   Code   RO         6540    .text               c_w.l(__2sprintf.o)
    0x08000538   0x08000538   0x00000038   Code   RO         6542    .text               c_w.l(__2snprintf.o)
    0x08000570   0x08000570   0x0000004e   Code   RO         6552    .text               c_w.l(_printf_pad.o)
    0x080005be   0x080005be   0x00000052   Code   RO         6554    .text               c_w.l(_printf_str.o)
    0x08000610   0x08000610   0x00000078   Code   RO         6556    .text               c_w.l(_printf_dec.o)
    0x08000688   0x08000688   0x00000094   Code   RO         6576    .text               c_w.l(_printf_hex_int_ll_ptr.o)
    0x0800071c   0x0800071c   0x00000188   Code   RO         6596    .text               c_w.l(__printf_flags_ss_wp.o)
    0x080008a4   0x080008a4   0x00000024   Code   RO         6604    .text               c_w.l(strstr.o)
    0x080008c8   0x080008c8   0x00000058   Code   RO         6606    .text               c_w.l(memcmp.o)
    0x08000920   0x08000920   0x0000003e   Code   RO         6608    .text               c_w.l(strlen.o)
    0x0800095e   0x0800095e   0x0000008a   Code   RO         6610    .text               c_w.l(rt_memcpy_v6.o)
    0x080009e8   0x080009e8   0x00000010   Code   RO         6614    .text               c_w.l(aeabi_memset.o)
    0x080009f8   0x080009f8   0x00000044   Code   RO         6616    .text               c_w.l(rt_memclr.o)
    0x08000a3c   0x08000a3c   0x0000004e   Code   RO         6618    .text               c_w.l(rt_memclr_w.o)
    0x08000a8a   0x08000a8a   0x00000006   Code   RO         6620    .text               c_w.l(heapauxi.o)
    0x08000a90   0x08000a90   0x00000002   Code   RO         6636    .text               c_w.l(use_no_semi.o)
    0x08000a92   0x08000a92   0x00000024   Code   RO         6643    .text               c_w.l(_printf_truncate.o)
    0x08000ab6   0x08000ab6   0x000000b2   Code   RO         6645    .text               c_w.l(_printf_intcommon.o)
    0x08000b68   0x08000b68   0x00000028   Code   RO         6647    .text               c_w.l(_printf_charcount.o)
    0x08000b90   0x08000b90   0x00000030   Code   RO         6649    .text               c_w.l(_printf_char_common.o)
    0x08000bc0   0x08000bc0   0x0000000a   Code   RO         6651    .text               c_w.l(_sputc.o)
    0x08000bca   0x08000bca   0x00000010   Code   RO         6653    .text               c_w.l(_snputc.o)
    0x08000bda   0x08000bda   0x0000002c   Code   RO         6655    .text               c_w.l(_printf_char.o)
    0x08000c06   0x08000c06   0x00000002   PAD
    0x08000c08   0x08000c08   0x00000024   Code   RO         6657    .text               c_w.l(_printf_char_file.o)
    0x08000c2c   0x08000c2c   0x000000bc   Code   RO         6659    .text               c_w.l(_printf_wctomb.o)
    0x08000ce8   0x08000ce8   0x0000007c   Code   RO         6662    .text               c_w.l(_printf_longlong_dec.o)
    0x08000d64   0x08000d64   0x00000070   Code   RO         6668    .text               c_w.l(_printf_oct_int_ll.o)
    0x08000dd4   0x08000dd4   0x00000064   Code   RO         6689    .text               c_w.l(rt_memcpy_w.o)
    0x08000e38   0x08000e38   0x0000008a   Code   RO         6721    .text               c_w.l(lludiv10.o)
    0x08000ec2   0x08000ec2   0x0000041e   Code   RO         6723    .text               c_w.l(_printf_fp_dec.o)
    0x080012e0   0x080012e0   0x000002fc   Code   RO         6725    .text               c_w.l(_printf_fp_hex.o)
    0x080015dc   0x080015dc   0x0000002c   Code   RO         6730    .text               c_w.l(_printf_wchar.o)
    0x08001608   0x08001608   0x00000008   Code   RO         6732    .text               c_w.l(ferror.o)
    0x08001610   0x08001610   0x00000040   Code   RO         6736    .text               c_w.l(_wcrtomb.o)
    0x08001650   0x08001650   0x0000004a   Code   RO         6738    .text               c_w.l(sys_stackheap_outer.o)
    0x0800169a   0x0800169a   0x00000002   PAD
    0x0800169c   0x0800169c   0x00000010   Code   RO         6740    .text               c_w.l(rt_ctype_table.o)
    0x080016ac   0x080016ac   0x00000008   Code   RO         6745    .text               c_w.l(rt_locale_intlibspace.o)
    0x080016b4   0x080016b4   0x00000080   Code   RO         6747    .text               c_w.l(_printf_fp_infnan.o)
    0x08001734   0x08001734   0x000000e4   Code   RO         6749    .text               c_w.l(bigflt0.o)
    0x08001818   0x08001818   0x00000012   Code   RO         6777    .text               c_w.l(exit.o)
    0x0800182a   0x0800182a   0x00000002   PAD
    0x0800182c   0x0800182c   0x00000008   Code   RO         6793    .text               c_w.l(libspace.o)
    0x08001834   0x08001834   0x00000080   Code   RO         6807    .text               c_w.l(strcmpv7m.o)
    0x080018b4   0x080018b4   0x0000003e   Code   RO         6752    CL$$btod_d2e        c_w.l(btod.o)
    0x080018f2   0x080018f2   0x00000046   Code   RO         6754    CL$$btod_d2e_denorm_low  c_w.l(btod.o)
    0x08001938   0x08001938   0x00000060   Code   RO         6753    CL$$btod_d2e_norm_op1  c_w.l(btod.o)
    0x08001998   0x08001998   0x00000338   Code   RO         6762    CL$$btod_div_common  c_w.l(btod.o)
    0x08001cd0   0x08001cd0   0x000000dc   Code   RO         6759    CL$$btod_e2e        c_w.l(btod.o)
    0x08001dac   0x08001dac   0x0000002a   Code   RO         6756    CL$$btod_ediv       c_w.l(btod.o)
    0x08001dd6   0x08001dd6   0x0000002a   Code   RO         6755    CL$$btod_emul       c_w.l(btod.o)
    0x08001e00   0x08001e00   0x00000244   Code   RO         6761    CL$$btod_mult_common  c_w.l(btod.o)
    0x08002044   0x08002044   0x00000004   Code   RO          276    i.BusFault_Handler  stm32f4xx_it.o
    0x08002048   0x08002048   0x0000001c   Code   RO         3646    i.DCMI_DMAError     stm32f4xx_hal_dcmi.o
    0x08002064   0x08002064   0x000000c6   Code   RO         3647    i.DCMI_DMAXferCplt  stm32f4xx_hal_dcmi.o
    0x0800212a   0x0800212a   0x00000002   PAD
    0x0800212c   0x0800212c   0x00000010   Code   RO         4340    i.DCMI_IRQHandler   atk_mc5640_dcmi.o
    0x0800213c   0x0800213c   0x00000010   Code   RO         4341    i.DMA2_Stream1_IRQHandler  atk_mc5640_dcmi.o
    0x0800214c   0x0800214c   0x00000034   Code   RO         3317    i.DMA_CalcBaseAndBitshift  stm32f4xx_hal_dma.o
    0x08002180   0x08002180   0x000000aa   Code   RO         3318    i.DMA_CheckFifoParam  stm32f4xx_hal_dma.o
    0x0800222a   0x0800222a   0x00000020   Code   RO         2046    i.DMA_MultiBufferSetConfig  stm32f4xx_hal_dma_ex.o
    0x0800224a   0x0800224a   0x0000002c   Code   RO         3319    i.DMA_SetConfig     stm32f4xx_hal_dma.o
    0x08002276   0x08002276   0x00000002   Code   RO          277    i.DebugMon_Handler  stm32f4xx_it.o
    0x08002278   0x08002278   0x00000002   Code   RO         3653    i.HAL_DCMI_ErrorCallback  stm32f4xx_hal_dcmi.o
    0x0800227a   0x0800227a   0x00000002   PAD
    0x0800227c   0x0800227c   0x00000014   Code   RO         4342    i.HAL_DCMI_FrameEventCallback  atk_mc5640_dcmi.o
    0x08002290   0x08002290   0x000000b0   Code   RO         3657    i.HAL_DCMI_IRQHandler  stm32f4xx_hal_dcmi.o
    0x08002340   0x08002340   0x00000092   Code   RO         3788    i.HAL_DCMI_Init     stm32f4xx_hal_dcmi_ex.o
    0x080023d2   0x080023d2   0x00000002   Code   RO         3659    i.HAL_DCMI_LineEventCallback  stm32f4xx_hal_dcmi.o
    0x080023d4   0x080023d4   0x00000398   Code   RO         4343    i.HAL_DCMI_MspInit  atk_mc5640_dcmi.o
    0x0800276c   0x0800276c   0x000000ec   Code   RO         3663    i.HAL_DCMI_Start_DMA  stm32f4xx_hal_dcmi.o
    0x08002858   0x08002858   0x0000008c   Code   RO         3664    i.HAL_DCMI_Stop     stm32f4xx_hal_dcmi.o
    0x080028e4   0x080028e4   0x00000002   Code   RO         3666    i.HAL_DCMI_VsyncEventCallback  stm32f4xx_hal_dcmi.o
    0x080028e6   0x080028e6   0x00000012   Code   RO         2047    i.HAL_DMAEx_ChangeMemory  stm32f4xx_hal_dma_ex.o
    0x080028f8   0x080028f8   0x00000fd8   Code   RO         2049    i.HAL_DMAEx_MultiBufferStart_IT  stm32f4xx_hal_dma_ex.o
    0x080038d0   0x080038d0   0x000000aa   Code   RO         3320    i.HAL_DMA_Abort     stm32f4xx_hal_dma.o
    0x0800397a   0x0800397a   0x00000028   Code   RO         3321    i.HAL_DMA_Abort_IT  stm32f4xx_hal_dma.o
    0x080039a2   0x080039a2   0x00000002   PAD
    0x080039a4   0x080039a4   0x00000240   Code   RO         3325    i.HAL_DMA_IRQHandler  stm32f4xx_hal_dma.o
    0x08003be4   0x08003be4   0x000000ec   Code   RO         3326    i.HAL_DMA_Init      stm32f4xx_hal_dma.o
    0x08003cd0   0x08003cd0   0x00000092   Code   RO         3330    i.HAL_DMA_Start_IT  stm32f4xx_hal_dma.o
    0x08003d62   0x08003d62   0x00000002   PAD
    0x08003d64   0x08003d64   0x00000204   Code   RO         1020    i.HAL_GPIO_Init     stm32f4xx_hal_gpio.o
    0x08003f68   0x08003f68   0x00000010   Code   RO         1022    i.HAL_GPIO_ReadPin  stm32f4xx_hal_gpio.o
    0x08003f78   0x08003f78   0x00000014   Code   RO         1023    i.HAL_GPIO_TogglePin  stm32f4xx_hal_gpio.o
    0x08003f8c   0x08003f8c   0x0000000c   Code   RO         1024    i.HAL_GPIO_WritePin  stm32f4xx_hal_gpio.o
    0x08003f98   0x08003f98   0x0000000c   Code   RO          703    i.HAL_GetREVID      stm32f4xx_hal.o
    0x08003fa4   0x08003fa4   0x0000000c   Code   RO          704    i.HAL_GetTick       stm32f4xx_hal.o
    0x08003fb0   0x08003fb0   0x00000018   Code   RO          710    i.HAL_IncTick       stm32f4xx_hal.o
    0x08003fc8   0x08003fc8   0x00000030   Code   RO          711    i.HAL_Init          stm32f4xx_hal.o
    0x08003ff8   0x08003ff8   0x0000004c   Code   RO          712    i.HAL_InitTick      stm32f4xx_hal.o
    0x08004044   0x08004044   0x00000002   Code   RO          714    i.HAL_MspInit       stm32f4xx_hal.o
    0x08004046   0x08004046   0x00000020   Code   RO          882    i.HAL_NVIC_EnableIRQ  stm32f4xx_hal_cortex.o
    0x08004066   0x08004066   0x0000007c   Code   RO          888    i.HAL_NVIC_SetPriority  stm32f4xx_hal_cortex.o
    0x080040e2   0x080040e2   0x00000002   PAD
    0x080040e4   0x080040e4   0x00000028   Code   RO          889    i.HAL_NVIC_SetPriorityGrouping  stm32f4xx_hal_cortex.o
    0x0800410c   0x0800410c   0x00000184   Code   RO         1084    i.HAL_RCC_ClockConfig  stm32f4xx_hal_rcc.o
    0x08004290   0x08004290   0x0000000c   Code   RO         1089    i.HAL_RCC_GetHCLKFreq  stm32f4xx_hal_rcc.o
    0x0800429c   0x0800429c   0x00000020   Code   RO         1091    i.HAL_RCC_GetPCLK1Freq  stm32f4xx_hal_rcc.o
    0x080042bc   0x080042bc   0x00000020   Code   RO         1092    i.HAL_RCC_GetPCLK2Freq  stm32f4xx_hal_rcc.o
    0x080042dc   0x080042dc   0x000000b0   Code   RO         1093    i.HAL_RCC_GetSysClockFreq  stm32f4xx_hal_rcc.o
    0x0800438c   0x0800438c   0x0000049c   Code   RO         1096    i.HAL_RCC_OscConfig  stm32f4xx_hal_rcc.o
    0x08004828   0x08004828   0x00000028   Code   RO          891    i.HAL_SYSTICK_CLKSourceConfig  stm32f4xx_hal_cortex.o
    0x08004850   0x08004850   0x00000034   Code   RO          893    i.HAL_SYSTICK_Config  stm32f4xx_hal_cortex.o
    0x08004884   0x08004884   0x00000066   Code   RO         2089    i.HAL_TIM_Base_Init  stm32f4xx_hal_tim.o
    0x080048ea   0x080048ea   0x00000002   PAD
    0x080048ec   0x080048ec   0x00000060   Code   RO         5253    i.HAL_TIM_Base_MspInit  atk_mw1278d_uart.o
    0x0800494c   0x0800494c   0x00000072   Code   RO         1708    i.HAL_UART_Init     stm32f4xx_hal_uart.o
    0x080049be   0x080049be   0x00000002   PAD
    0x080049c0   0x080049c0   0x000002a0   Code   RO          636    i.HAL_UART_MspInit  usart.o
    0x08004c60   0x08004c60   0x000000dc   Code   RO         1711    i.HAL_UART_Receive  stm32f4xx_hal_uart.o
    0x08004d3c   0x08004d3c   0x000000d2   Code   RO         1716    i.HAL_UART_Transmit  stm32f4xx_hal_uart.o
    0x08004e0e   0x08004e0e   0x00000004   Code   RO          278    i.HardFault_Handler  stm32f4xx_it.o
    0x08004e12   0x08004e12   0x00000004   Code   RO          279    i.MemManage_Handler  stm32f4xx_it.o
    0x08004e16   0x08004e16   0x00000002   Code   RO          280    i.NMI_Handler       stm32f4xx_it.o
    0x08004e18   0x08004e18   0x00000014   Code   RO          519    i.SysTick_Handler   delay.o
    0x08004e2c   0x08004e2c   0x00000014   Code   RO          334    i.SystemInit        system_stm32f4xx.o
    0x08004e40   0x08004e40   0x00000064   Code   RO         5254    i.TIM6_DAC_IRQHandler  atk_mw1278d_uart.o
    0x08004ea4   0x08004ea4   0x000000d8   Code   RO         2182    i.TIM_Base_SetConfig  stm32f4xx_hal_tim.o
    0x08004f7c   0x08004f7c   0x0000022c   Code   RO         1735    i.UART_SetConfig    stm32f4xx_hal_uart.o
    0x080051a8   0x080051a8   0x0000006c   Code   RO         1739    i.UART_WaitOnFlagUntilTimeout  stm32f4xx_hal_uart.o
    0x08005214   0x08005214   0x00000108   Code   RO         5066    i.USART1_IRQHandler  atk_mo1218_uart.o
    0x0800531c   0x0800531c   0x00000104   Code   RO         4616    i.USART2_IRQHandler  atk_mw8266d_uart.o
    0x08005420   0x08005420   0x000000f4   Code   RO         5255    i.USART3_IRQHandler  atk_mw1278d_uart.o
    0x08005514   0x08005514   0x00000004   Code   RO          281    i.UsageFault_Handler  stm32f4xx_it.o
    0x08005518   0x08005518   0x00000030   Code   RO         6791    i.__ARM_fpclassify  m_wm.l(fpclassify.o)
    0x08005548   0x08005548   0x00000010   Code   RO          895    i.__NVIC_GetPriorityGrouping  stm32f4xx_hal_cortex.o
    0x08005558   0x08005558   0x00000028   Code   RO          896    i.__NVIC_SetPriority  stm32f4xx_hal_cortex.o
    0x08005580   0x08005580   0x0000000e   Code   RO         6589    i._is_digit         c_w.l(__printf_wp.o)
    0x0800558e   0x0800558e   0x00000004   Code   RO          638    i._sys_exit         usart.o
    0x08005592   0x08005592   0x00000082   Code   RO         4128    i.atk_mc5640_auto_focus_continuance  atk_mc5640.o
    0x08005614   0x08005614   0x000000c0   Code   RO         4129    i.atk_mc5640_auto_focus_init  atk_mc5640.o
    0x080056d4   0x080056d4   0x0000002c   Code   RO         4344    i.atk_mc5640_dcmi_init  atk_mc5640_dcmi.o
    0x08005700   0x08005700   0x0000005c   Code   RO         4345    i.atk_mc5640_dcmi_start  atk_mc5640_dcmi.o
    0x0800575c   0x0800575c   0x00000048   Code   RO         4131    i.atk_mc5640_exit_power_down  atk_mc5640.o
    0x080057a4   0x080057a4   0x0000001a   Code   RO         4132    i.atk_mc5640_get_chip_id  atk_mc5640.o
    0x080057be   0x080057be   0x00000002   PAD
    0x080057c0   0x080057c0   0x000000b4   Code   RO         4133    i.atk_mc5640_get_frame  atk_mc5640.o
    0x08005874   0x08005874   0x000000a0   Code   RO         4134    i.atk_mc5640_get_isp_input_size  atk_mc5640.o
    0x08005914   0x08005914   0x00000054   Code   RO         4135    i.atk_mc5640_get_output_size  atk_mc5640.o
    0x08005968   0x08005968   0x00000068   Code   RO         4136    i.atk_mc5640_get_pre_scaling_size  atk_mc5640.o
    0x080059d0   0x080059d0   0x000000ac   Code   RO         4137    i.atk_mc5640_hw_init  atk_mc5640.o
    0x08005a7c   0x08005a7c   0x00000034   Code   RO         4138    i.atk_mc5640_hw_reset  atk_mc5640.o
    0x08005ab0   0x08005ab0   0x00000034   Code   RO         4139    i.atk_mc5640_init   atk_mc5640.o
    0x08005ae4   0x08005ae4   0x00000024   Code   RO         4140    i.atk_mc5640_init_reg  atk_mc5640.o
    0x08005b08   0x08005b08   0x0000001e   Code   RO         4143    i.atk_mc5640_read_reg  atk_mc5640.o
    0x08005b26   0x08005b26   0x00000022   Code   RO         4396    i.atk_mc5640_sccb_2_phase_read  atk_mc5640_sccb.o
    0x08005b48   0x08005b48   0x00000028   Code   RO         4397    i.atk_mc5640_sccb_2_phase_write  atk_mc5640_sccb.o
    0x08005b70   0x08005b70   0x00000030   Code   RO         4398    i.atk_mc5640_sccb_3_phase_write  atk_mc5640_sccb.o
    0x08005ba0   0x08005ba0   0x0000000a   Code   RO         4399    i.atk_mc5640_sccb_delay  atk_mc5640_sccb.o
    0x08005baa   0x08005baa   0x00000002   PAD
    0x08005bac   0x08005bac   0x00000090   Code   RO         4400    i.atk_mc5640_sccb_init  atk_mc5640_sccb.o
    0x08005c3c   0x08005c3c   0x00000090   Code   RO         4401    i.atk_mc5640_sccb_read_byte  atk_mc5640_sccb.o
    0x08005ccc   0x08005ccc   0x0000002c   Code   RO         4402    i.atk_mc5640_sccb_set_sda_input  atk_mc5640_sccb.o
    0x08005cf8   0x08005cf8   0x0000002c   Code   RO         4403    i.atk_mc5640_sccb_set_sda_output  atk_mc5640_sccb.o
    0x08005d24   0x08005d24   0x00000048   Code   RO         4404    i.atk_mc5640_sccb_start  atk_mc5640_sccb.o
    0x08005d6c   0x08005d6c   0x00000040   Code   RO         4405    i.atk_mc5640_sccb_stop  atk_mc5640_sccb.o
    0x08005dac   0x08005dac   0x00000090   Code   RO         4406    i.atk_mc5640_sccb_write_byte  atk_mc5640_sccb.o
    0x08005e3c   0x08005e3c   0x0000019c   Code   RO         4144    i.atk_mc5640_set_brightness  atk_mc5640.o
    0x08005fd8   0x08005fd8   0x000001f6   Code   RO         4145    i.atk_mc5640_set_color_saturation  atk_mc5640.o
    0x080061ce   0x080061ce   0x000001f6   Code   RO         4146    i.atk_mc5640_set_contrast  atk_mc5640.o
    0x080063c4   0x080063c4   0x000002d8   Code   RO         4147    i.atk_mc5640_set_exposure_level  atk_mc5640.o
    0x0800669c   0x0800669c   0x0000029a   Code   RO         4148    i.atk_mc5640_set_hue  atk_mc5640.o
    0x08006936   0x08006936   0x00000252   Code   RO         4150    i.atk_mc5640_set_light_mode  atk_mc5640.o
    0x08006b88   0x08006b88   0x00000100   Code   RO         4151    i.atk_mc5640_set_mirror_flip  atk_mc5640.o
    0x08006c88   0x08006c88   0x0000005c   Code   RO         4152    i.atk_mc5640_set_output_format  atk_mc5640.o
    0x08006ce4   0x08006ce4   0x00000088   Code   RO         4153    i.atk_mc5640_set_output_size  atk_mc5640.o
    0x08006d6c   0x08006d6c   0x00000066   Code   RO         4154    i.atk_mc5640_set_pre_scaling_window  atk_mc5640.o
    0x08006dd2   0x08006dd2   0x00000146   Code   RO         4155    i.atk_mc5640_set_sharpness_level  atk_mc5640.o
    0x08006f18   0x08006f18   0x0000011e   Code   RO         4156    i.atk_mc5640_set_special_effect  atk_mc5640.o
    0x08007036   0x08007036   0x0000005c   Code   RO         4157    i.atk_mc5640_set_test_pattern  atk_mc5640.o
    0x08007092   0x08007092   0x0000002c   Code   RO         4158    i.atk_mc5640_sw_reset  atk_mc5640.o
    0x080070be   0x080070be   0x00000012   Code   RO         4159    i.atk_mc5640_write_reg  atk_mc5640.o
    0x080070d0   0x080070d0   0x00000076   Code   RO         4714    i.atk_mo1218_config_gnss_for_navigation  atk_mo1218_bin_msg.o
    0x08007146   0x08007146   0x00000076   Code   RO         4718    i.atk_mo1218_config_nmea_msg  atk_mo1218_bin_msg.o
    0x080071bc   0x080071bc   0x0000006e   Code   RO         4719    i.atk_mo1218_config_output_type  atk_mo1218_bin_msg.o
    0x0800722a   0x0800722a   0x000000ac   Code   RO         4722    i.atk_mo1218_config_position_rate  atk_mo1218_bin_msg.o
    0x080072d6   0x080072d6   0x000000a4   Code   RO         4728    i.atk_mo1218_decode_bin_msg  atk_mo1218_bin_msg.o
    0x0800737a   0x0800737a   0x00000066   Code   RO         4985    i.atk_mo1218_decode_nmea_parameter  atk_mo1218_nmea_msg.o
    0x080073e0   0x080073e0   0x000002d8   Code   RO         4986    i.atk_mo1218_decode_nmea_xxgga  atk_mo1218_nmea_msg.o
    0x080076b8   0x080076b8   0x000001b4   Code   RO         4988    i.atk_mo1218_decode_nmea_xxgsa  atk_mo1218_nmea_msg.o
    0x0800786c   0x0800786c   0x00000300   Code   RO         4989    i.atk_mo1218_decode_nmea_xxgsv  atk_mo1218_nmea_msg.o
    0x08007b6c   0x08007b6c   0x00000324   Code   RO         4990    i.atk_mo1218_decode_nmea_xxrmc  atk_mo1218_nmea_msg.o
    0x08007e90   0x08007e90   0x0000015c   Code   RO         4991    i.atk_mo1218_decode_nmea_xxvtg  atk_mo1218_nmea_msg.o
    0x08007fec   0x08007fec   0x00000042   Code   RO         4729    i.atk_mo1218_factory_reset  atk_mo1218_bin_msg.o
    0x0800802e   0x0800802e   0x00000032   Code   RO         4993    i.atk_mo1218_fit_num  atk_mo1218_nmea_msg.o
    0x08008060   0x08008060   0x00000130   Code   RO         4994    i.atk_mo1218_get_nmea_msg_from_buf  atk_mo1218_nmea_msg.o
    0x08008190   0x08008190   0x0000009c   Code   RO         4748    i.atk_mo1218_get_sw_version  atk_mo1218_bin_msg.o
    0x0800822c   0x0800822c   0x0000001c   Code   RO         4679    i.atk_mo1218_init   atk_mo1218.o
    0x08008248   0x08008248   0x0000008e   Code   RO         4995    i.atk_mo1218_nmea_str2num  atk_mo1218_nmea_msg.o
    0x080082d6   0x080082d6   0x00000002   PAD
    0x080082d8   0x080082d8   0x000000d4   Code   RO         4750    i.atk_mo1218_send_bin_msg  atk_mo1218_bin_msg.o
    0x080083ac   0x080083ac   0x00000030   Code   RO         5067    i.atk_mo1218_uart_init  atk_mo1218_uart.o
    0x080083dc   0x080083dc   0x0000002c   Code   RO         5069    i.atk_mo1218_uart_rx_get_frame  atk_mo1218_uart.o
    0x08008408   0x08008408   0x00000024   Code   RO         5071    i.atk_mo1218_uart_rx_restart  atk_mo1218_uart.o
    0x0800842c   0x0800842c   0x0000001c   Code   RO         5072    i.atk_mo1218_uart_send  atk_mo1218_uart.o
    0x08008448   0x08008448   0x00000362   Code   RO         4680    i.atk_mo1218_update  atk_mo1218.o
    0x080087aa   0x080087aa   0x00000002   PAD
    0x080087ac   0x080087ac   0x0000004c   Code   RO         5128    i.atk_mw1278d_addr_config  atk_mw1278d.o
    0x080087f8   0x080087f8   0x00000030   Code   RO         5129    i.atk_mw1278d_at_test  atk_mw1278d.o
    0x08008828   0x08008828   0x00000018   Code   RO         5132    i.atk_mw1278d_enter_config  atk_mw1278d.o
    0x08008840   0x08008840   0x00000018   Code   RO         5133    i.atk_mw1278d_exit_config  atk_mw1278d.o
    0x08008858   0x08008858   0x0000009c   Code   RO         5136    i.atk_mw1278d_hw_init  atk_mw1278d.o
    0x080088f4   0x080088f4   0x00000026   Code   RO         5137    i.atk_mw1278d_init  atk_mw1278d.o
    0x0800891a   0x0800891a   0x00000002   PAD
    0x0800891c   0x0800891c   0x00000058   Code   RO         5138    i.atk_mw1278d_send_at_cmd  atk_mw1278d.o
    0x08008974   0x08008974   0x00000050   Code   RO         5140    i.atk_mw1278d_tmode_config  atk_mw1278d.o
    0x080089c4   0x080089c4   0x00000060   Code   RO         5141    i.atk_mw1278d_tpower_config  atk_mw1278d.o
    0x08008a24   0x08008a24   0x00000084   Code   RO         5142    i.atk_mw1278d_uart_config  atk_mw1278d.o
    0x08008aa8   0x08008aa8   0x0000004c   Code   RO         5256    i.atk_mw1278d_uart_init  atk_mw1278d_uart.o
    0x08008af4   0x08008af4   0x0000003c   Code   RO         5257    i.atk_mw1278d_uart_printf  atk_mw1278d_uart.o
    0x08008b30   0x08008b30   0x0000002c   Code   RO         5258    i.atk_mw1278d_uart_rx_get_frame  atk_mw1278d_uart.o
    0x08008b5c   0x08008b5c   0x00000024   Code   RO         5260    i.atk_mw1278d_uart_rx_restart  atk_mw1278d_uart.o
    0x08008b80   0x08008b80   0x00000070   Code   RO         5143    i.atk_mw1278d_wlrate_channel_config  atk_mw1278d.o
    0x08008bf0   0x08008bf0   0x00000054   Code   RO         5144    i.atk_mw1278d_wltime_config  atk_mw1278d.o
    0x08008c44   0x08008c44   0x00000060   Code   RO         5145    i.atk_mw1278d_workmode_config  atk_mw1278d.o
    0x08008ca4   0x08008ca4   0x00000030   Code   RO         4473    i.atk_mw8266d_at_test  atk_mw8266d.o
    0x08008cd4   0x08008cd4   0x00000050   Code   RO         4474    i.atk_mw8266d_ate_config  atk_mw8266d.o
    0x08008d24   0x08008d24   0x00000094   Code   RO         4476    i.atk_mw8266d_connect_mqtt_server  atk_mw8266d.o
    0x08008db8   0x08008db8   0x00000060   Code   RO         4482    i.atk_mw8266d_get_ip  atk_mw8266d.o
    0x08008e18   0x08008e18   0x0000004c   Code   RO         4483    i.atk_mw8266d_hw_init  atk_mw8266d.o
    0x08008e64   0x08008e64   0x00000034   Code   RO         4484    i.atk_mw8266d_hw_reset  atk_mw8266d.o
    0x08008e98   0x08008e98   0x00000020   Code   RO         4485    i.atk_mw8266d_init  atk_mw8266d.o
    0x08008eb8   0x08008eb8   0x00000050   Code   RO         4486    i.atk_mw8266d_join_ap  atk_mw8266d.o
    0x08008f08   0x08008f08   0x0000004c   Code   RO         4488    i.atk_mw8266d_mqtt_publish  atk_mw8266d.o
    0x08008f54   0x08008f54   0x00000030   Code   RO         4490    i.atk_mw8266d_restore  atk_mw8266d.o
    0x08008f84   0x08008f84   0x00000058   Code   RO         4491    i.atk_mw8266d_send_at_cmd  atk_mw8266d.o
    0x08008fdc   0x08008fdc   0x0000007c   Code   RO         4492    i.atk_mw8266d_set_mode  atk_mw8266d.o
    0x08009058   0x08009058   0x00000030   Code   RO         4493    i.atk_mw8266d_sw_reset  atk_mw8266d.o
    0x08009088   0x08009088   0x00000030   Code   RO         4617    i.atk_mw8266d_uart_init  atk_mw8266d_uart.o
    0x080090b8   0x080090b8   0x0000003c   Code   RO         4618    i.atk_mw8266d_uart_printf  atk_mw8266d_uart.o
    0x080090f4   0x080090f4   0x0000002c   Code   RO         4619    i.atk_mw8266d_uart_rx_get_frame  atk_mw8266d_uart.o
    0x08009120   0x08009120   0x00000024   Code   RO         4621    i.atk_mw8266d_uart_rx_restart  atk_mw8266d_uart.o
    0x08009144   0x08009144   0x000000fc   Code   RO         5318    i.base64_encode     base64.o
    0x08009240   0x08009240   0x00000038   Code   RO          520    i.delay_init        delay.o
    0x08009278   0x08009278   0x00000018   Code   RO          521    i.delay_ms          delay.o
    0x08009290   0x08009290   0x00000048   Code   RO          522    i.delay_us          delay.o
    0x080092d8   0x080092d8   0x000004c4   Code   RO          370    i.demo_run          demo.o
    0x0800979c   0x0800979c   0x0000001c   Code   RO          371    i.demo_show_ip      demo.o
    0x080097b8   0x080097b8   0x000000a4   Code   RO           13    i.demo_uart_init    main.o
    0x0800985c   0x0800985c   0x0000001c   Code   RO          640    i.fputc             usart.o
    0x08009878   0x08009878   0x000000fc   Code   RO         3836    i.key_init          key.o
    0x08009974   0x08009974   0x00000098   Code   RO         3812    i.led_init          led.o
    0x08009a0c   0x08009a0c   0x00000032   Code   RO           14    i.main              main.o
    0x08009a3e   0x08009a3e   0x00000002   PAD
    0x08009a40   0x08009a40   0x000000c0   Code   RO         5860    i.prvAddCurrentTaskToDelayedList  tasks.o
    0x08009b00   0x08009b00   0x000000ec   Code   RO         5861    i.prvAddNewTaskToReadyList  tasks.o
    0x08009bec   0x08009bec   0x00000064   Code   RO         6224    i.prvCheckForValidListAndQueue  timers.o
    0x08009c50   0x08009c50   0x00000048   Code   RO         5862    i.prvCheckTasksWaitingTermination  tasks.o
    0x08009c98   0x08009c98   0x0000002a   Code   RO         5483    i.prvCopyDataFromQueue  queue.o
    0x08009cc2   0x08009cc2   0x0000007e   Code   RO         5484    i.prvCopyDataToQueue  queue.o
    0x08009d40   0x08009d40   0x00000012   Code   RO         5863    i.prvDeleteTCB      tasks.o
    0x08009d52   0x08009d52   0x00000014   Code   RO         5485    i.prvGetDisinheritPriorityAfterTimeout  queue.o
    0x08009d66   0x08009d66   0x00000002   PAD
    0x08009d68   0x08009d68   0x00000028   Code   RO         6225    i.prvGetNextExpireTime  timers.o
    0x08009d90   0x08009d90   0x00000070   Code   RO         6469    i.prvHeapInit       heap_4.o
    0x08009e00   0x08009e00   0x00000028   Code   RO         5864    i.prvIdleTask       tasks.o
    0x08009e28   0x08009e28   0x0000002a   Code   RO         5487    i.prvInitialiseNewQueue  queue.o
    0x08009e52   0x08009e52   0x000000cc   Code   RO         5865    i.prvInitialiseNewTask  tasks.o
    0x08009f1e   0x08009f1e   0x00000002   PAD
    0x08009f20   0x08009f20   0x00000068   Code   RO         5866    i.prvInitialiseTaskLists  tasks.o
    0x08009f88   0x08009f88   0x00000068   Code   RO         6470    i.prvInsertBlockIntoFreeList  heap_4.o
    0x08009ff0   0x08009ff0   0x00000058   Code   RO         6227    i.prvInsertTimerInActiveList  timers.o
    0x0800a048   0x0800a048   0x0000001a   Code   RO         5488    i.prvIsQueueEmpty   queue.o
    0x0800a062   0x0800a062   0x0000001e   Code   RO         5489    i.prvIsQueueFull    queue.o
    0x0800a080   0x0800a080   0x00000044   Code   RO         6228    i.prvProcessExpiredTimer  timers.o
    0x0800a0c4   0x0800a0c4   0x0000011c   Code   RO         6229    i.prvProcessReceivedCommands  timers.o
    0x0800a1e0   0x0800a1e0   0x00000074   Code   RO         6230    i.prvProcessTimerOrBlockTask  timers.o
    0x0800a254   0x0800a254   0x00000028   Code   RO         6231    i.prvReloadTimer    timers.o
    0x0800a27c   0x0800a27c   0x00000030   Code   RO         5868    i.prvResetNextTaskUnblockTime  tasks.o
    0x0800a2ac   0x0800a2ac   0x0000002c   Code   RO         6232    i.prvSampleTimeNow  timers.o
    0x0800a2d8   0x0800a2d8   0x00000044   Code   RO         6233    i.prvSwitchTimerLists  timers.o
    0x0800a31c   0x0800a31c   0x00000040   Code   RO         6393    i.prvTaskExitError  port.o
    0x0800a35c   0x0800a35c   0x00000058   Code   RO         5870    i.prvTaskIsTaskSuspended  tasks.o
    0x0800a3b4   0x0800a3b4   0x0000001a   Code   RO         6234    i.prvTimerTask      timers.o
    0x0800a3ce   0x0800a3ce   0x0000007e   Code   RO         5490    i.prvUnlockQueue    queue.o
    0x0800a44c   0x0800a44c   0x0000012c   Code   RO         6472    i.pvPortMalloc      heap_4.o
    0x0800a578   0x0800a578   0x00000020   Code   RO         5871    i.pvTaskIncrementMutexHeldCount  tasks.o
    0x0800a598   0x0800a598   0x0000002c   Code   RO         6394    i.pxPortInitialiseStack  port.o
    0x0800a5c4   0x0800a5c4   0x00000080   Code   RO           15    i.show_mesg         main.o
    0x0800a644   0x0800a644   0x00000108   Code   RO          372    i.start_task        demo.o
    0x0800a74c   0x0800a74c   0x000000cc   Code   RO          569    i.sys_stm32_clock_init  sys.o
    0x0800a818   0x0800a818   0x0000023c   Code   RO          373    i.task1             demo.o
    0x0800aa54   0x0800aa54   0x00000078   Code   RO          374    i.task2             demo.o
    0x0800aacc   0x0800aacc   0x00000044   Code   RO          375    i.task3             demo.o
    0x0800ab10   0x0800ab10   0x0000017c   Code   RO          376    i.task4             demo.o
    0x0800ac8c   0x0800ac8c   0x00000258   Code   RO          377    i.task5             demo.o
    0x0800aee4   0x0800aee4   0x00000028   Code   RO         5443    i.uxListRemove      list.o
    0x0800af0c   0x0800af0c   0x0000002c   Code   RO          378    i.vApplicationStackOverflowHook  demo.o
    0x0800af38   0x0800af38   0x0000001a   Code   RO         5444    i.vListInitialise   list.o
    0x0800af52   0x0800af52   0x00000006   Code   RO         5445    i.vListInitialiseItem  list.o
    0x0800af58   0x0800af58   0x00000034   Code   RO         5446    i.vListInsert       list.o
    0x0800af8c   0x0800af8c   0x00000018   Code   RO         5447    i.vListInsertEnd    list.o
    0x0800afa4   0x0800afa4   0x00000054   Code   RO         6396    i.vPortEnterCritical  port.o
    0x0800aff8   0x0800aff8   0x0000003c   Code   RO         6397    i.vPortExitCritical  port.o
    0x0800b034   0x0800b034   0x0000008c   Code   RO         6473    i.vPortFree         heap_4.o
    0x0800b0c0   0x0800b0c0   0x00000028   Code   RO         6398    i.vPortSetupTimerInterrupt  port.o
    0x0800b0e8   0x0800b0e8   0x00000060   Code   RO         5496    i.vQueueAddToRegistry  queue.o
    0x0800b148   0x0800b148   0x0000004a   Code   RO         5500    i.vQueueWaitForMessageRestricted  queue.o
    0x0800b192   0x0800b192   0x00000002   PAD
    0x0800b194   0x0800b194   0x0000005c   Code   RO         5880    i.vTaskDelay        tasks.o
    0x0800b1f0   0x0800b1f0   0x000000fc   Code   RO         5881    i.vTaskDelete       tasks.o
    0x0800b2ec   0x0800b2ec   0x00000018   Code   RO         5885    i.vTaskInternalSetTimeOutState  tasks.o
    0x0800b304   0x0800b304   0x0000000c   Code   RO         5886    i.vTaskMissedYield  tasks.o
    0x0800b310   0x0800b310   0x00000038   Code   RO         5887    i.vTaskPlaceOnEventList  tasks.o
    0x0800b348   0x0800b348   0x00000064   Code   RO         5888    i.vTaskPlaceOnEventListRestricted  tasks.o
    0x0800b3ac   0x0800b3ac   0x00000118   Code   RO         5890    i.vTaskPriorityDisinheritAfterTimeout  tasks.o
    0x0800b4c4   0x0800b4c4   0x000000c4   Code   RO         5893    i.vTaskResume       tasks.o
    0x0800b588   0x0800b588   0x0000009c   Code   RO         5896    i.vTaskStartScheduler  tasks.o
    0x0800b624   0x0800b624   0x00000100   Code   RO         5897    i.vTaskSuspend      tasks.o
    0x0800b724   0x0800b724   0x00000010   Code   RO         5898    i.vTaskSuspendAll   tasks.o
    0x0800b734   0x0800b734   0x000000a8   Code   RO         5899    i.vTaskSwitchContext  tasks.o
    0x0800b7dc   0x0800b7dc   0x00000168   Code   RO         6400    i.xPortStartScheduler  port.o
    0x0800b944   0x0800b944   0x00000034   Code   RO         6401    i.xPortSysTickHandler  port.o
    0x0800b978   0x0800b978   0x00000066   Code   RO         5503    i.xQueueGenericCreate  queue.o
    0x0800b9de   0x0800b9de   0x00000002   PAD
    0x0800b9e0   0x0800b9e0   0x000000dc   Code   RO         5504    i.xQueueGenericReset  queue.o
    0x0800babc   0x0800babc   0x000001a8   Code   RO         5505    i.xQueueGenericSend  queue.o
    0x0800bc64   0x0800bc64   0x00000170   Code   RO         5511    i.xQueuePeek        queue.o
    0x0800bdd4   0x0800bdd4   0x00000168   Code   RO         5513    i.xQueueReceive     queue.o
    0x0800bf3c   0x0800bf3c   0x00000194   Code   RO         5515    i.xQueueSemaphoreTake  queue.o
    0x0800c0d0   0x0800c0d0   0x00000090   Code   RO         5901    i.xTaskCheckForTimeOut  tasks.o
    0x0800c160   0x0800c160   0x00000068   Code   RO         5902    i.xTaskCreate       tasks.o
    0x0800c1c8   0x0800c1c8   0x00000020   Code   RO         5909    i.xTaskGetSchedulerState  tasks.o
    0x0800c1e8   0x0800c1e8   0x0000000c   Code   RO         5910    i.xTaskGetTickCount  tasks.o
    0x0800c1f4   0x0800c1f4   0x000001bc   Code   RO         5912    i.xTaskIncrementTick  tasks.o
    0x0800c3b0   0x0800c3b0   0x000000f0   Code   RO         5913    i.xTaskPriorityDisinherit  tasks.o
    0x0800c4a0   0x0800c4a0   0x000000ec   Code   RO         5914    i.xTaskPriorityInherit  tasks.o
    0x0800c58c   0x0800c58c   0x00000120   Code   RO         5915    i.xTaskRemoveFromEventList  tasks.o
    0x0800c6ac   0x0800c6ac   0x00000178   Code   RO         5916    i.xTaskResumeAll    tasks.o
    0x0800c824   0x0800c824   0x00000058   Code   RO         6242    i.xTimerCreateTimerTask  timers.o
    0x0800c87c   0x0800c87c   0x0000002c   Code   RO         6775    locale$$code        c_w.l(lc_numeric_c.o)
    0x0800c8a8   0x0800c8a8   0x0000002c   Code   RO         6801    locale$$code        c_w.l(lc_ctype_c.o)
    0x0800c8d4   0x0800c8d4   0x0000000a   Code   RO         6867    x$fpl$fpinit        fz_wm.l(fpinit.o)
    0x0800c8de   0x0800c8de   0x00000004   Code   RO         6695    x$fpl$printf1       fz_wm.l(printf1.o)
    0x0800c8e2   0x0800c8e2   0x00000004   Code   RO         6697    x$fpl$printf2       fz_wm.l(printf2.o)
    0x0800c8e6   0x0800c8e6   0x00000000   Code   RO         6703    x$fpl$usenofp       fz_wm.l(usenofp.o)
    0x0800c8e6   0x0800c8e6   0x00000018   Data   RO          335    .constdata          system_stm32f4xx.o
    0x0800c8fe   0x0800c8fe   0x00000008   Data   RO         3332    .constdata          stm32f4xx_hal_dma.o
    0x0800c906   0x0800c906   0x00001481   Data   RO         4161    .constdata          atk_mc5640.o
    0x0800dd87   0x0800dd87   0x00000041   Data   RO         5319    .constdata          base64.o
    0x0800ddc8   0x0800ddc8   0x00000028   Data   RO         6577    .constdata          c_w.l(_printf_hex_int_ll_ptr.o)
    0x0800ddf0   0x0800ddf0   0x00000011   Data   RO         6597    .constdata          c_w.l(__printf_flags_ss_wp.o)
    0x0800de01   0x0800de01   0x00000003   PAD
    0x0800de04   0x0800de04   0x00000008   Data   RO         6660    .constdata          c_w.l(_printf_wctomb.o)
    0x0800de0c   0x0800de0c   0x00000026   Data   RO         6726    .constdata          c_w.l(_printf_fp_hex.o)
    0x0800de32   0x0800de32   0x00000002   PAD
    0x0800de34   0x0800de34   0x00000094   Data   RO         6750    .constdata          c_w.l(bigflt0.o)
    0x0800dec8   0x0800dec8   0x00000051   Data   RO          380    .conststring        demo.o
    0x0800df19   0x0800df19   0x00000003   PAD
    0x0800df1c   0x0800df1c   0x00000020   Data   RO         6916    Region$$Table       anon$$obj.o
    0x0800df3c   0x0800df3c   0x0000001c   Data   RO         6774    locale$$data        c_w.l(lc_numeric_c.o)
    0x0800df58   0x0800df58   0x00000110   Data   RO         6800    locale$$data        c_w.l(lc_ctype_c.o)


    Execution Region RW_IRAM1 (Exec base: 0x20000000, Load base: 0x0800e068, Size: 0x0001ca80, Max: 0x00020000, ABSOLUTE)

    Exec Addr    Load Addr    Size         Type   Attr      Idx    E Section Name        Object

    0x20000000   0x0800e068   0x00000004   Data   RW          336    .data               system_stm32f4xx.o
    0x20000004   0x0800e06c   0x0000002c   Data   RW          381    .data               demo.o
    0x20000030   0x0800e098   0x00000002   Data   RW          523    .data               delay.o
    0x20000032   0x0800e09a   0x00000002   PAD
    0x20000034   0x0800e09c   0x00000004   Data   RW          641    .data               usart.o
    0x20000038   0x0800e0a0   0x00000009   Data   RW          718    .data               stm32f4xx_hal.o
    0x20000041   0x0800e0a9   0x00000003   PAD
    0x20000044   0x0800e0ac   0x00000040   Data   RW         5919    .data               tasks.o
    0x20000084   0x0800e0ec   0x00000014   Data   RW         6250    .data               timers.o
    0x20000098   0x0800e100   0x0000000c   Data   RW         6402    .data               port.o
    0x200000a4   0x0800e10c   0x0000001c   Data   RW         6479    .data               heap_4.o
    0x200000c0        -       0x00008c00   Zero   RW          379    .bss                demo.o
    0x20008cc0        -       0x0000000c   Zero   RW         4160    .bss                atk_mc5640.o
    0x20008ccc        -       0x000000a4   Zero   RW         4346    .bss                atk_mc5640_dcmi.o
    0x20008d70        -       0x00000106   Zero   RW         4622    .bss                atk_mw8266d_uart.o
    0x20008e76        -       0x0000005e   Zero   RW         4752    .bss                atk_mo1218_bin_msg.o
    0x20008ed4        -       0x00000886   Zero   RW         5073    .bss                atk_mo1218_uart.o
    0x2000975a   0x0800e128   0x00000002   PAD
    0x2000975c        -       0x0000018e   Zero   RW         5261    .bss                atk_mw1278d_uart.o
    0x200098ea   0x0800e128   0x00000002   PAD
    0x200098ec        -       0x00000040   Zero   RW         5517    .bss                queue.o
    0x2000992c        -       0x000000c8   Zero   RW         5918    .bss                tasks.o
    0x200099f4        -       0x00000028   Zero   RW         6249    .bss                timers.o
    0x20009a1c        -       0x00012c00   Zero   RW         6478    .bss                heap_4.o
    0x2001c61c        -       0x00000060   Zero   RW         6794    .bss                c_w.l(libspace.o)
    0x2001c67c   0x0800e128   0x00000004   PAD
    0x2001c680        -       0x00000000   Zero   RW            2    HEAP                startup_stm32f407xx.o
    0x2001c680        -       0x00000400   Zero   RW            1    STACK               startup_stm32f407xx.o


==============================================================================

Image component sizes


      Code (inc. data)   RO Data    RW Data    ZI Data      Debug   Object Name

      6046        142       5249          0         12      23110   atk_mc5640.o
      1108         60          0          0        164       5280   atk_mc5640_dcmi.o
       788         38          0          0          0       7570   atk_mc5640_sccb.o
       894          0          0          0          0       3190   atk_mo1218.o
      1116         16          0          0         94      17980   atk_mo1218_bin_msg.o
      3682        106          0          0          0      11326   atk_mo1218_nmea_msg.o
       420         36          0          0       2182       4050   atk_mo1218_uart.o
      1054        198          0          0          0      10145   atk_mw1278d.o
       656         72          0          0        398       5337   atk_mw1278d_uart.o
       996        302          0          0          0       9991   atk_mw8266d.o
       448         38          0          0        262       4696   atk_mw8266d_uart.o
       252          4         65          0          0       1572   base64.o
       172          8          0          2          0       2645   delay.o
      3296       1262         81         44      35840      41346   demo.o
         0          0          0          0          0      13400   event_groups.o
       656         58          0         28      76800       5487   heap_4.o
       252         12          0          0          0       1123   key.o
         0          0          0          0          0       1512   lcd.o
       152         10          0          0          0        971   led.o
       148          0          0          0          0       3570   list.o
       342         96          0          0          0     695871   main.o
       894         78          0         12          0      11152   port.o
      2460         32          0          0         64      19566   queue.o
        76         28        392          0       1024        992   startup_stm32f407xx.o
       174         34          0          9          0      10002   stm32f4xx_hal.o
       344         22          0          0          0      35285   stm32f4xx_hal_cortex.o
       784         20          0          0          0       6239   stm32f4xx_hal_dcmi.o
       146          0          0          0          0       1148   stm32f4xx_hal_dcmi_ex.o
      1434         16          8          0          0       7238   stm32f4xx_hal_dma.o
      4106         34          0          0          0       5041   stm32f4xx_hal_dma_ex.o
       564         46          0          0          0       3548   stm32f4xx_hal_gpio.o
      1820         84          0          0          0       5788   stm32f4xx_hal_rcc.o
       318         46          0          0          0       2009   stm32f4xx_hal_tim.o
      1208         10          0          0          0       5015   stm32f4xx_hal_uart.o
        20          0          0          0          0       2901   stm32f4xx_it.o
       204         12          0          0          0       1387   sys.o
        20          6         24          4          0       1411   system_stm32f4xx.o
      4518        484          0         64        200      35596   tasks.o
       962        110          0         20         40      24144   timers.o
       704         30          0          4          0       4325   usart.o

    ----------------------------------------------------------------------
     43270       3550       5854        192     117084    1052959   Object Totals
         0          0         32          0          0          0   (incl. Generated)
        36          0          3          5          4          0   (incl. Padding)

    ----------------------------------------------------------------------

      Code (inc. data)   RO Data    RW Data    ZI Data      Debug   Library Member Name

        24          4          0          0          0         84   __2printf.o
        56          6          0          0          0         88   __2snprintf.o
        44          6          0          0          0         84   __2sprintf.o
         8          0          0          0          0         68   __main.o
       392          4         17          0          0         92   __printf_flags_ss_wp.o
        14          0          0          0          0         68   __printf_wp.o
         0          0          0          0          0          0   __rtentry.o
        12          0          0          0          0          0   __rtentry2.o
         6          0          0          0          0          0   __rtentry4.o
        52          8          0          0          0          0   __scatter.o
        26          0          0          0          0          0   __scatter_copy.o
        28          0          0          0          0          0   __scatter_zi.o
         6          0          0          0          0          0   _printf_a.o
         6          0          0          0          0          0   _printf_c.o
        44          0          0          0          0        108   _printf_char.o
        48          6          0          0          0         96   _printf_char_common.o
        36          4          0          0          0         80   _printf_char_file.o
        40          0          0          0          0         68   _printf_charcount.o
         6          0          0          0          0          0   _printf_d.o
       120         16          0          0          0         92   _printf_dec.o
         6          0          0          0          0          0   _printf_e.o
         6          0          0          0          0          0   _printf_f.o
      1054          0          0          0          0        216   _printf_fp_dec.o
       764          8         38          0          0        100   _printf_fp_hex.o
       128         16          0          0          0         84   _printf_fp_infnan.o
         6          0          0          0          0          0   _printf_g.o
       148          4         40          0          0        160   _printf_hex_int_ll_ptr.o
         6          0          0          0          0          0   _printf_i.o
       178          0          0          0          0         88   _printf_intcommon.o
        10          0          0          0          0          0   _printf_l.o
         6          0          0          0          0          0   _printf_lc.o
        10          0          0          0          0          0   _printf_ll.o
         6          0          0          0          0          0   _printf_lld.o
         6          0          0          0          0          0   _printf_lli.o
         6          0          0          0          0          0   _printf_llo.o
         6          0          0          0          0          0   _printf_llu.o
         6          0          0          0          0          0   _printf_llx.o
       124         16          0          0          0         92   _printf_longlong_dec.o
         6          0          0          0          0          0   _printf_ls.o
         6          0          0          0          0          0   _printf_n.o
         6          0          0          0          0          0   _printf_o.o
       112         10          0          0          0        124   _printf_oct_int_ll.o
         6          0          0          0          0          0   _printf_p.o
        78          0          0          0          0        108   _printf_pad.o
         0          0          0          0          0          0   _printf_percent.o
         4          0          0          0          0          0   _printf_percent_end.o
         6          0          0          0          0          0   _printf_s.o
        82          0          0          0          0         80   _printf_str.o
        36          0          0          0          0         84   _printf_truncate.o
         6          0          0          0          0          0   _printf_u.o
        44          0          0          0          0        108   _printf_wchar.o
       188          6          8          0          0         92   _printf_wctomb.o
         6          0          0          0          0          0   _printf_x.o
        16          0          0          0          0         68   _snputc.o
        10          0          0          0          0         68   _sputc.o
        64          0          0          0          0         92   _wcrtomb.o
        16          0          0          0          0         68   aeabi_memset.o
       228          4        148          0          0         96   bigflt0.o
      1936        128          0          0          0        672   btod.o
        18          0          0          0          0         80   exit.o
         8          0          0          0          0         68   ferror.o
         6          0          0          0          0        152   heapauxi.o
        44         10        272          0          0         76   lc_ctype_c.o
        44         10         28          0          0         76   lc_numeric_c.o
         2          0          0          0          0          0   libinit.o
        34          0          0          0          0          0   libinit2.o
         2          0          0          0          0          0   libshutdown.o
         2          0          0          0          0          0   libshutdown2.o
         8          4          0          0         96         68   libspace.o
       138          0          0          0          0         80   lludiv10.o
       238          0          0          0          0        100   lludivv7m.o
        88          0          0          0          0         76   memcmp.o
        16          4          0          0          0         76   rt_ctype_table.o
         8          4          0          0          0         68   rt_locale_intlibspace.o
        68          0          0          0          0         68   rt_memclr.o
        78          0          0          0          0         80   rt_memclr_w.o
       138          0          0          0          0         68   rt_memcpy_v6.o
       100          0          0          0          0         80   rt_memcpy_w.o
         2          0          0          0          0          0   rtexit.o
        10          0          0          0          0          0   rtexit2.o
       128          0          0          0          0         68   strcmpv7m.o
        62          0          0          0          0         76   strlen.o
        36          0          0          0          0         80   strstr.o
        74          0          0          0          0         80   sys_stackheap_outer.o
         2          0          0          0          0         68   use_no_semi.o
         2          0          0          0          0         68   use_no_semi_2.o
        36          4          0          0          0         76   vsprintf.o
        10          0          0          0          0        116   fpinit.o
         4          0          0          0          0        116   printf1.o
         4          0          0          0          0        116   printf2.o
         0          0          0          0          0          0   usenofp.o
        48          0          0          0          0        124   fpclassify.o

    ----------------------------------------------------------------------
      7768        282        556          0        100       5532   Library Totals
        10          0          5          0          4          0   (incl. Padding)

    ----------------------------------------------------------------------

      Code (inc. data)   RO Data    RW Data    ZI Data      Debug   Library Name

      7692        282        551          0         96       5060   c_w.l
        18          0          0          0          0        348   fz_wm.l
        48          0          0          0          0        124   m_wm.l

    ----------------------------------------------------------------------
      7768        282        556          0        100       5532   Library Totals

    ----------------------------------------------------------------------

==============================================================================


      Code (inc. data)   RO Data    RW Data    ZI Data      Debug   

     51038       3832       6410        192     117184    1029831   Grand Totals
     51038       3832       6410        192     117184    1029831   ELF Image Totals
     51038       3832       6410        192          0          0   ROM Totals

==============================================================================

    Total RO  Size (Code + RO Data)                57448 (  56.10kB)
    Total RW  Size (RW Data + ZI Data)            117376 ( 114.63kB)
    Total ROM Size (Code + RO Data + RW Data)      57640 (  56.29kB)

==============================================================================

